Archive member included to satisfy reference by file (symbol)

C:/devkitPro/libogc/lib/wii\libfat.a(libfat.o)
                              common.o (fatUnmount)
C:/devkitPro/libogc/lib/wii\libfat.a(directory.o)
                              C:/devkitPro/libogc/lib/wii\libfat.a(libfat.o) (_FAT_directory_getVolumeLabel)
C:/devkitPro/libogc/lib/wii\libfat.a(filetime.o)
                              C:/devkitPro/libogc/lib/wii\libfat.a(directory.o) (_FAT_filetime_to_time_t)
C:/devkitPro/libogc/lib/wii\libfat.a(file_allocation_table.o)
                              C:/devkitPro/libogc/lib/wii\libfat.a(directory.o) (_FAT_fat_nextCluster)
C:/devkitPro/libogc/lib/wii\libfat.a(disc.o)
                              C:/devkitPro/libogc/lib/wii\libfat.a(libfat.o) (_FAT_disc_interfaces)
C:/devkitPro/libogc/lib/wii\libfat.a(fatfile.o)
                              C:/devkitPro/libogc/lib/wii\libfat.a(libfat.o) (_FAT_open_r)
C:/devkitPro/libogc/lib/wii\libfat.a(cache.o)
                              C:/devkitPro/libogc/lib/wii\libfat.a(fatfile.o) (_FAT_cache_readSectors)
C:/devkitPro/libogc/lib/wii\libfat.a(fatdir.o)
                              C:/devkitPro/libogc/lib/wii\libfat.a(libfat.o) (_FAT_stat_r)
C:/devkitPro/libogc/lib/wii\libfat.a(partition.o)
                              C:/devkitPro/libogc/lib/wii\libfat.a(fatfile.o) (_FAT_partition_getPartitionFromPath)
C:/devkitPro/libogc/lib/wii\libwiiuse.a(wpad.o)
                              common.o (WPAD_SetDataFormat)
C:/devkitPro/libogc/lib/wii\libwiiuse.a(motion_plus.o)
                              C:/devkitPro/libogc/lib/wii\libwiiuse.a(wpad.o) (wiiuse_set_motion_plus)
C:/devkitPro/libogc/lib/wii\libwiiuse.a(dynamics.o)
                              C:/devkitPro/libogc/lib/wii\libwiiuse.a(wpad.o) (calculate_gforce)
C:/devkitPro/libogc/lib/wii\libwiiuse.a(io.o)
                              C:/devkitPro/libogc/lib/wii\libwiiuse.a(motion_plus.o) (wiiuse_disable_expansion)
C:/devkitPro/libogc/lib/wii\libwiiuse.a(io_wii.o)
                              C:/devkitPro/libogc/lib/wii\libwiiuse.a(wpad.o) (__wiiuse_sensorbar_enable)
C:/devkitPro/libogc/lib/wii\libwiiuse.a(ir.o)
                              C:/devkitPro/libogc/lib/wii\libwiiuse.a(motion_plus.o) (wiiuse_set_ir_mode)
C:/devkitPro/libogc/lib/wii\libwiiuse.a(nunchuk.o)
                              C:/devkitPro/libogc/lib/wii\libwiiuse.a(io.o) (nunchuk_handshake)
C:/devkitPro/libogc/lib/wii\libwiiuse.a(wiiboard.o)
                              C:/devkitPro/libogc/lib/wii\libwiiuse.a(io.o) (wii_board_handshake)
C:/devkitPro/libogc/lib/wii\libwiiuse.a(wiiuse.o)
                              C:/devkitPro/libogc/lib/wii\libwiiuse.a(wpad.o) (wiiuse_init)
C:/devkitPro/libogc/lib/wii\libwiiuse.a(speaker.o)
                              C:/devkitPro/libogc/lib/wii\libwiiuse.a(wpad.o) (wencdata)
C:/devkitPro/libogc/lib/wii\libwiiuse.a(classic.o)
                              C:/devkitPro/libogc/lib/wii\libwiiuse.a(io.o) (classic_ctrl_handshake)
C:/devkitPro/libogc/lib/wii\libwiiuse.a(events.o)
                              C:/devkitPro/libogc/lib/wii\libwiiuse.a(io_wii.o) (parse_event)
C:/devkitPro/libogc/lib/wii\libwiiuse.a(guitar_hero_3.o)
                              C:/devkitPro/libogc/lib/wii\libwiiuse.a(io.o) (guitar_hero_3_handshake)
C:/devkitPro/libogc/lib/wii\libbte.a(bte.o)
                              C:/devkitPro/libogc/lib/wii\libwiiuse.a(wpad.o) (BTE_Init)
C:/devkitPro/libogc/lib/wii\libbte.a(hci.o)
                              C:/devkitPro/libogc/lib/wii\libbte.a(bte.o) (hci_init)
C:/devkitPro/libogc/lib/wii\libbte.a(l2cap.o)
                              C:/devkitPro/libogc/lib/wii\libbte.a(bte.o) (l2cap_init)
C:/devkitPro/libogc/lib/wii\libbte.a(btmemb.o)
                              C:/devkitPro/libogc/lib/wii\libbte.a(bte.o) (btmemb_init)
C:/devkitPro/libogc/lib/wii\libbte.a(btmemr.o)
                              C:/devkitPro/libogc/lib/wii\libbte.a(hci.o) (btmemr_init)
C:/devkitPro/libogc/lib/wii\libbte.a(btpbuf.o)
                              C:/devkitPro/libogc/lib/wii\libbte.a(hci.o) (btpbuf_init)
C:/devkitPro/libogc/lib/wii\libbte.a(physbusif.o)
                              C:/devkitPro/libogc/lib/wii\libbte.a(bte.o) (physbusif_init)
C:/devkitPro/libogc/lib/wii\libogc.a(console.o)
                              common.o (CON_Init)
C:/devkitPro/libogc/lib/wii\libogc.a(lwp_queue.o)
                              C:/devkitPro/libogc/lib/wii\libwiiuse.a(io_wii.o) (__lwp_queue_initialize)
C:/devkitPro/libogc/lib/wii\libogc.a(lwp_threads.o)
                              C:/devkitPro/libogc/lib/wii\libwiiuse.a(wpad.o) (_thread_dispatch_disable_level)
C:/devkitPro/libogc/lib/wii\libogc.a(lwp.o)
                              common.o (LWP_CreateThread)
C:/devkitPro/libogc/lib/wii\libogc.a(lwp_handler.o)
                              C:/devkitPro/libogc/lib/wii\libogc.a(lwp_threads.o) (_cpu_context_save_fp)
[...]
Memory Configuration

Name             Origin             Length             Attributes
*default*        0x00000000         0xffffffff

Linker script and memory map

                0x00003400                        . = 0x3400

.stub
 *(.stub)
                0x80004000                        . = 0x80004000

.init           0x80004000      0x194
 *crt0.o(*.init)
 .init          0x80004000      0x170 C:/devkitPro/libogc/lib/wii\libogc.a(ogc_crt0.o)
                0x80004000                _start
                0x80004140                _memset
 *(.init)
 .init          0x80004170        0xc c:/devkitpro/devkitppc/bin/../lib/gcc/powerpc-eabi/12.2.0/ecrti.o
                0x80004170                __init
 .init          0x8000417c        0x4 c:/devkitpro/devkitppc/bin/../lib/gcc/powerpc-eabi/12.2.0/crtbegin.o
 .init          0x80004180        0x4 c:/devkitpro/devkitppc/bin/../lib/gcc/powerpc-eabi/12.2.0/crtend.o
 .init          0x80004184       0x10 c:/devkitpro/devkitppc/bin/../lib/gcc/powerpc-eabi/12.2.0/ecrtn.o

.rela.dyn       0x80004194        0x0
 .rela.iplt     0x80004194        0x0 main.o

.plt
 *(.plt)

.interp
 *(.interp)

.hash
 *(.hash)

.dynsym
 *(.dynsym)

.dynstr
 *(.dynstr)

.gnu.version
 *(.gnu.version)

.gnu.version_d
 *(.gnu.version_d)

.gnu.version_r
 *(.gnu.version_r)

.rel.init
 *(.rel.init)

.rela.init
 *(.rela.init)

.rel.text
 *(.rel.text .rel.text.* .rel.gnu.linkonce.t.*)

.rela.text      0x80004194        0x0
 *(.rela.text .rela.text.* .rela.gnu.linkonce.t.*)
 .rela.text.__do_global_dtors_aux
                0x80004194        0x0 main.o
 .rela.text.frame_dummy
                0x80004194        0x0 main.o

.rel.fini
 *(.rel.fini)

.rela.fini
 *(.rela.fini)

.rel.rodata
 *(.rel.rodata .rel.rodata.* .rel.gnu.linkonce.r.*)

.rela.rodata
 *(.rela.rodata .rela.rodata.* .rela.gnu.linkonce.r.*)

.rel.data
 *(.rel.data .rel.data.* .rel.gnu.linkonce.d.*)

.rela.data
 *(.rela.data .rela.data.* .rela.gnu.linkonce.d.*)

.rel.tdata
 *(.rel.tdata .rel.tdata.* .rel.gnu.linkonce.td.*)

.rela.tdata
 *(.rela.tdata .rela.tdata.* .rela.gnu.linkonce.td.*)

.rel.tbss
 *(.rel.tbss .rel.tbss.* .rel.gnu.linkonce.tb.*)

.rela.tbss
 *(.rela.tbss .rela.tbss.* .rela.gnu.linkonce.tb.*)

.rel.ctors
 *(.rel.ctors)

.rela.ctors
 *(.rela.ctors)

.rel.dtors
 *(.rel.dtors)

.rela.dtors
 *(.rela.dtors)

.rel.got
 *(.rel.got)

.rela.got
 *(.rela.got)

.rela.got1
 *(.rela.got1)

.rela.got2
 *(.rela.got2)

.rel.sdata
 *(.rel.sdata .rel.sdata.* .rel.gnu.linkonce.s.*)

.rela.sdata
 *(.rela.sdata .rela.sdata.* .rela.gnu.linkonce.s.*)

.rel.sbss
 *(.rel.sbss .rel.sbss.* .rel.gnu.linkonce.sb.*)

.rela.sbss
 *(.rela.sbss .rela.sbss.* .rel.gnu.linkonce.sb.*)

.rel.sdata2
 *(.rel.sdata2 .rel.sdata2.* .rel.gnu.linkonce.s2.*)

.rela.sdata2
 *(.rela.sdata2 .rela.sdata2.* .rela.gnu.linkonce.s2.*)

.rel.sbss2
 *(.rel.sbss2 .rel.sbss2.* .rel.gnu.linkonce.sb2.*)

.rela.sbss2
 *(.rela.sbss2 .rela.sbss2.* .rela.gnu.linkonce.sb2.*)

.rel.bss
 *(.rel.bss .rel.bss.* .rel.gnu.linkonce.b.*)

.rela.bss
 *(.rela.bss .rela.bss.* .rela.gnu.linkonce.b.*)

.rel.plt
 *(.rel.plt)

.rela.plt
 *(.rela.plt)

.text           0x800041a0    0x50da0
 *(.text)
 .text          0x800041a0      0x44c C:/devkitPro/libogc/lib/wii\libogc.a(lwp_handler.o)
                0x800041a0                _cpu_context_save_fp
                0x800042e0                _cpu_context_restore_fp
                0x80004420                _cpu_context_switch
                0x80004500                _cpu_context_save
                0x80004580                _cpu_context_restore
 .text          0x800045ec      0x4a0 C:/devkitPro/libogc/lib/wii\libogc.a(system_asm.o)
                0x800045ec                __realmode
                0x80004604                __configBATS
                0x80004734                __InitFPRS
                0x80004860                __InitPS
                0x800048bc                __InitCache
                0x80004914                __InitSystem
                0x8000499c                __flush_cache
                0x800049d0                __reset
                0x80004a40                __InitBATS
                0x80004a5c                SYS_SwitchFiber
 .text          0x80004a8c      0x1ac C:/devkitPro/libogc/lib/wii\libogc.a(irq_handler.o)
                0x80004a8c                irq_exceptionhandler
 .text          0x80004c38      0x4f4 C:/devkitPro/libogc/lib/wii\libogc.a(cache_asm.o)
                0x80004c38                DCFlashInvalidate
                0x80004c4c                DCEnable
                0x80004c60                DCDisable
                0x80004c74                DCFreeze
                0x80004c88                DCUnfreeze
                0x80004c9c                DCTouchLoad
                0x80004ca4                DCBlockZero
                0x80004cac                DCBlockStore
                0x80004cb4                DCBlockFlush
                0x80004cbc                DCBlockInvalidate
                0x80004cc4                DCInvalidateRange
                0x80004cf4                DCFlushRange
                0x80004d28                DCStoreRange
                0x80004d5c                DCFlushRangeNoSync
                0x80004d8c                DCStoreRangeNoSync
                0x80004dbc                DCZeroRange
                0x80004dec                DCTouchRange
                0x80004e1c                ICInvalidateRange
                0x80004e54                ICFlashInvalidate
                0x80004e68                ICEnable
                0x80004e7c                ICDisable
                0x80004e90                ICFreeze
                0x80004ea4                ICUnfreeze
                0x80004eb8                ICBlockInvalidate
                0x80004ec0                ICSync
                0x80004ec8                L2Init
                0x80004f10                L2Enable
                0x80004f2c                L2Disable
                0x80004f44                L2GlobalInvalidate
                0x80004f9c                __LCEnable
                0x80005068                LCDisable
                0x80005090                LCAllocOneTag
                0x800050a4                LCAllocTags
                0x800050e4                LCLoadBlocks
                0x80005108                LCStoreBlocks
 .text          0x8000512c      0x1ac C:/devkitPro/libogc/lib/wii\libogc.a(decrementer_handler.o)
                0x8000512c                dec_exceptionhandler
 .text          0x800052d8      0x35c C:/devkitPro/libogc/lib/wii\libogc.a(exception_handler.o)
                0x800052d8                exceptionhandler_start
                0x80005354                exceptionhandler_patch
                0x80005388                exceptionhandler_end
                0x8000538c                default_exceptionhandler
                0x800054bc                fpu_exceptionhandler
                0x80005604                systemcallhandler_start
                0x80005630                systemcallhandler_end
 .text          0x80005634       0x48 c:/devkitpro/devkitppc/bin/../lib/gcc/powerpc-eabi/12.2.0\libgcc.a(eabi.o)
                0x80005634                __eabi
 .text          0x8000567c       0x58 c:/devkitpro/devkitppc/bin/../lib/gcc/powerpc-eabi/12.2.0\libgcc.a(crtresxgpr.o)
                0x8000567c                _restgpr_14_x
                0x80005680                _restgpr_15_x
                0x80005684                _restgpr_16_x
                0x80005688                _restgpr_17_x
                0x8000568c                _restgpr_18_x
                0x80005690                _restgpr_19_x
                0x80005694                _restgpr_20_x
                0x80005698                _restgpr_21_x
                0x8000569c                _restgpr_22_x
                0x800056a0                _restgpr_23_x
                0x800056a4                _restgpr_24_x
                0x800056a8                _restgpr_25_x
                0x800056ac                _restgpr_26_x
                0x800056b0                _restgpr_27_x
                0x800056b4                _restgpr_28_x
                0x800056b8                _restgpr_29_x
                0x800056bc                _restgpr_30_x
                0x800056c0                _restgpr_31_x
 .text          0x800056d4       0x58 c:/devkitpro/devkitppc/bin/../lib/gcc/powerpc-eabi/12.2.0\libgcc.a(crtresxfpr.o)
                0x800056d4                _restfpr_14_x
                0x800056d8                _restfpr_15_x
                0x800056dc                _restfpr_16_x
                0x800056e0                _restfpr_17_x
                0x800056e4                _restfpr_18_x
                0x800056e8                _restfpr_19_x
                0x800056ec                _restfpr_20_x
                0x800056f0                _restfpr_21_x
                0x800056f4                _restfpr_22_x
                0x800056f8                _restfpr_23_x
                0x800056fc                _restfpr_24_x
                0x80005700                _restfpr_25_x
                0x80005704                _restfpr_26_x
                0x80005708                _restfpr_27_x
                0x8000570c                _restfpr_28_x
                0x80005710                _restfpr_29_x
                0x80005714                _restfpr_30_x
                0x80005718                _restfpr_31_x
 *(.text.*)
 .text.__do_global_dtors_aux
                0x8000572c       0xcc c:/devkitpro/devkitppc/bin/../lib/gcc/powerpc-eabi/12.2.0/crtbegin.o
 .text.frame_dummy
                0x800057f8       0x24 c:/devkitpro/devkitppc/bin/../lib/gcc/powerpc-eabi/12.2.0/crtbegin.o
 .text.__crtmain
                0x8000581c       0x44 c:/devkitpro/devkitppc/bin/../lib/gcc/powerpc-eabi/12.2.0/../../../../powerpc-eabi/lib/crtmain.o
                0x80005820                __crtmain
 .text.reset_called
                0x80005860       0x10 common.o
 .text.run_reset_thread
                0x80005870       0x60 common.o
 .text.initialise_reset_button
                0x800058d0       0x80 common.o
                0x800058d0                initialise_reset_button
 .text.tcp_write
                0x80005950      0x120 common.o
                0x80005950                tcp_write
 .text.write_http_reply
                0x80005a70       0x94 common.o
                0x80005a70                write_http_reply
 .text.request_file
                0x80005b04      0x278 common.o
                0x80005b04                request_file
 .text.die      0x80005d7c       0x30 common.o
                0x80005d7c                die
 .text.server_connect
                0x80005dac       0xac common.o
                0x80005dac                server_connect
 .text.initialise
                0x80005e58       0xf4 common.o
                0x80005e58                initialise
 .text.initialise_network
                0x80005f4c       0x80 common.o
                0x80005f4c                initialise_network
 .text.get_latest_version
                0x80005fcc       0xfc main.o
                0x80005fcc                get_latest_version
 .text.get_filenames
                0x800060c8      0x210 main.o
                0x800060c8                get_filenames
 .text.load_filenames
                0x800062d8      0x1c4 main.o
                0x800062d8                load_filenames
 .text.copy_file
                0x8000649c       0xd8 main.o
                0x8000649c                copy_file
 .text.delete_files_from_server
                0x80006574      0x2c0 main.o
                0x80006574                delete_files_from_server
 .text.print_motd
                0x80006834      0x240 main.o
                0x80006834                print_motd
 .text.download
                0x80006a74      0x448 main.o
                0x80006a74                download
 .text.mainloop
                0x80006ebc      0x530 main.o
                0x80006ebc                mainloop
 .text.startup.main
                0x800073ec       0xb8 main.o
                0x800073ec                main
 .text.fatMount
                0x800074a4      0x118 C:/devkitPro/libogc/lib/wii\libfat.a(libfat.o)
                0x800074a4                fatMount
 .text.fatUnmount
                0x800075bc       0x74 C:/devkitPro/libogc/lib/wii\libfat.a(libfat.o)
                0x800075bc                fatUnmount
 .text.fatInit  0x80007630      0x190 C:/devkitPro/libogc/lib/wii\libfat.a(libfat.o)
                0x80007630                fatInit
 .text.fatInitDefault
                0x800077c0        0xc C:/devkitPro/libogc/lib/wii\libfat.a(libfat.o)
                0x800077c0                fatInitDefault
 .text.u8array_to_u16
                0x800077cc       0x14 C:/devkitPro/libogc/lib/wii\libfat.a(directory.o)
 .text._FAT_directory_entryGetAlias
                0x800077e0      0x11c C:/devkitPro/libogc/lib/wii\libfat.a(directory.o)
 .text._FAT_directory_incrementDirEntryPosition
                0x800078fc       0xf4 C:/devkitPro/libogc/lib/wii\libfat.a(directory.o)
 .text._FAT_directory_mbsncasecmp
                0x800079f0       0xe8 C:/devkitPro/libogc/lib/wii\libfat.a(directory.o)
 .text._FAT_fat_clusterToSector
                0x80007ad8       0x28 C:/devkitPro/libogc/lib/wii\libfat.a(directory.o)
 .text._FAT_directory_ucs2tombs.constprop.0
                0x80007b00       0xd8 C:/devkitPro/libogc/lib/wii\libfat.a(directory.o)
 .text._FAT_directory_entryGetCluster
                0x80007bd8       0x4c C:/devkitPro/libogc/lib/wii\libfat.a(directory.o)
                0x80007bd8                _FAT_directory_entryGetCluster
 .text._FAT_directory_getNextEntry
                0x80007c24      0x2cc C:/devkitPro/libogc/lib/wii\libfat.a(directory.o)
                0x80007c24                _FAT_directory_getNextEntry
 .text._FAT_directory_getFirstEntry
                0x80007ef0       0x24 C:/devkitPro/libogc/lib/wii\libfat.a(directory.o)
                0x80007ef0                _FAT_directory_getFirstEntry
 .text._FAT_directory_entryExists
                0x80007f14       0xc8 C:/devkitPro/libogc/lib/wii\libfat.a(directory.o)
 .text._FAT_directory_getRootEntry
                0x80007fdc       0xa0 C:/devkitPro/libogc/lib/wii\libfat.a(directory.o)
                0x80007fdc                _FAT_directory_getRootEntry
 .text._FAT_directory_entryFromPosition
                0x8000807c      0x1d0 C:/devkitPro/libogc/lib/wii\libfat.a(directory.o)
                0x8000807c                _FAT_directory_entryFromPosition
 .text._FAT_directory_entryFromPath
                0x8000824c      0x26c C:/devkitPro/libogc/lib/wii\libfat.a(directory.o)
                0x8000824c                _FAT_directory_entryFromPath
 .text._FAT_directory_removeEntry
                0x800084b8      0x100 C:/devkitPro/libogc/lib/wii\libfat.a(directory.o)
                0x800084b8                _FAT_directory_removeEntry
 .text._FAT_directory_addEntry
                0x800085b8      0x940 C:/devkitPro/libogc/lib/wii\libfat.a(directory.o)
                0x800085b8                _FAT_directory_addEntry
 .text._FAT_directory_chdir
                0x80008ef8       0x60 C:/devkitPro/libogc/lib/wii\libfat.a(directory.o)
                0x80008ef8                _FAT_directory_chdir
 .text._FAT_directory_entryStat
                0x80008f58      0x140 C:/devkitPro/libogc/lib/wii\libfat.a(directory.o)
                0x80008f58                _FAT_directory_entryStat
 .text._FAT_filetime_getTimeFromRTC
                0x80009098       0x84 C:/devkitPro/libogc/lib/wii\libfat.a(filetime.o)
                0x80009098                _FAT_filetime_getTimeFromRTC
 .text._FAT_filetime_getDateFromRTC
                0x8000911c       0x84 C:/devkitPro/libogc/lib/wii\libfat.a(filetime.o)
                0x8000911c                _FAT_filetime_getDateFromRTC
 .text._FAT_filetime_to_time_t
                0x800091a0       0x64 C:/devkitPro/libogc/lib/wii\libfat.a(filetime.o)
                0x800091a0                _FAT_filetime_to_time_t
 .text._FAT_fat_writeFatEntry.isra.0
                0x80009204      0x1c0 C:/devkitPro/libogc/lib/wii\libfat.a(file_allocation_table.o)
 .text._FAT_fat_nextCluster
                0x800093c4      0x198 C:/devkitPro/libogc/lib/wii\libfat.a(file_allocation_table.o)
                0x800093c4                _FAT_fat_nextCluster
 .text._FAT_fat_linkFreeCluster
                0x8000955c       0xe4 C:/devkitPro/libogc/lib/wii\libfat.a(file_allocation_table.o)
                0x8000955c                _FAT_fat_linkFreeCluster
 .text._FAT_fat_linkFreeClusterCleared
                0x80009640       0xbc C:/devkitPro/libogc/lib/wii\libfat.a(file_allocation_table.o)
                0x80009640                _FAT_fat_linkFreeClusterCleared
 .text._FAT_fat_clearLinks
                0x800096fc       0xc4 C:/devkitPro/libogc/lib/wii\libfat.a(file_allocation_table.o)
                0x800096fc                _FAT_fat_clearLinks
 .text._FAT_fat_trimChain
                0x800097c0       0xb4 C:/devkitPro/libogc/lib/wii\libfat.a(file_allocation_table.o)
                0x800097c0                _FAT_fat_trimChain
 .text._FAT_fat_lastCluster
                0x80009874       0x68 C:/devkitPro/libogc/lib/wii\libfat.a(file_allocation_table.o)
                0x80009874                _FAT_fat_lastCluster
 .text._FAT_fat_freeClusterCount
                0x800098dc       0x54 C:/devkitPro/libogc/lib/wii\libfat.a(file_allocation_table.o)
                0x800098dc                _FAT_fat_freeClusterCount
 .text.get_io_wiisd
                0x80009930        0xc C:/devkitPro/libogc/lib/wii\libfat.a(disc.o)
 .text.get_io_usbstorage
                0x8000993c        0xc C:/devkitPro/libogc/lib/wii\libfat.a(disc.o)
 .text.get_io_gcsda
                0x80009948        0xc C:/devkitPro/libogc/lib/wii\libfat.a(disc.o)
 .text.get_io_gcsdb
                0x80009954        0xc C:/devkitPro/libogc/lib/wii\libfat.a(disc.o)
 .text._FAT_check_position_for_next_cluster
                0x80009960      0x110 C:/devkitPro/libogc/lib/wii\libfat.a(fatfile.o)
 .text._FAT_fat_clusterToSector
                0x80009a70       0x28 C:/devkitPro/libogc/lib/wii\libfat.a(fatfile.o)
 .text._FAT_unlock.isra.0
                0x80009a98        0x4 C:/devkitPro/libogc/lib/wii\libfat.a(fatfile.o)
 .text._FAT_lock.isra.0
                0x80009a9c        0x4 C:/devkitPro/libogc/lib/wii\libfat.a(fatfile.o)
 .text._FAT_file_extend_r
                0x80009aa0      0x288 C:/devkitPro/libogc/lib/wii\libfat.a(fatfile.o)
 .text._FAT_open_r
                0x80009d28      0x3b0 C:/devkitPro/libogc/lib/wii\libfat.a(fatfile.o)
                0x80009d28                _FAT_open_r
 .text._FAT_syncToDisc
                0x8000a0d8      0x12c C:/devkitPro/libogc/lib/wii\libfat.a(fatfile.o)
                0x8000a0d8                _FAT_syncToDisc
 .text._FAT_close_r
                0x8000a204       0xc4 C:/devkitPro/libogc/lib/wii\libfat.a(fatfile.o)
                0x8000a204                _FAT_close_r
 .text._FAT_read_r
                0x8000a2c8      0x3c0 C:/devkitPro/libogc/lib/wii\libfat.a(fatfile.o)
                0x8000a2c8                _FAT_read_r
 .text._FAT_write_r
                0x8000a688      0x54c C:/devkitPro/libogc/lib/wii\libfat.a(fatfile.o)
                0x8000a688                _FAT_write_r
 .text._FAT_seek_r
                0x8000abd4      0x1dc C:/devkitPro/libogc/lib/wii\libfat.a(fatfile.o)
                0x8000abd4                _FAT_seek_r
 .text._FAT_fstat_r
                0x8000adb0       0xd8 C:/devkitPro/libogc/lib/wii\libfat.a(fatfile.o)
                0x8000adb0                _FAT_fstat_r
 .text._FAT_ftruncate_r
                0x8000ae88      0x1f0 C:/devkitPro/libogc/lib/wii\libfat.a(fatfile.o)
                0x8000ae88                _FAT_ftruncate_r
 .text._FAT_fsync_r
                0x8000b078       0x70 C:/devkitPro/libogc/lib/wii\libfat.a(fatfile.o)
                0x8000b078                _FAT_fsync_r
 .text._FAT_cache_getPage
                0x8000b0e8      0x158 C:/devkitPro/libogc/lib/wii\libfat.a(cache.o)
 .text._FAT_cache_constructor
                0x8000b240       0xd0 C:/devkitPro/libogc/lib/wii\libfat.a(cache.o)
                0x8000b240                _FAT_cache_constructor
 .text._FAT_cache_readSectors
                0x8000b310       0xa8 C:/devkitPro/libogc/lib/wii\libfat.a(cache.o)
                0x8000b310                _FAT_cache_readSectors
 .text._FAT_cache_readPartialSector
                0x8000b3b8       0x90 C:/devkitPro/libogc/lib/wii\libfat.a(cache.o)
                0x8000b3b8                _FAT_cache_readPartialSector
 .text._FAT_cache_readLittleEndianValue
                0x8000b448       0x78 C:/devkitPro/libogc/lib/wii\libfat.a(cache.o)
                0x8000b448                _FAT_cache_readLittleEndianValue
 .text._FAT_cache_writePartialSector
                0x8000b4c0       0x98 C:/devkitPro/libogc/lib/wii\libfat.a(cache.o)
                0x8000b4c0                _FAT_cache_writePartialSector
 .text._FAT_cache_writeLittleEndianValue
                0x8000b558       0x68 C:/devkitPro/libogc/lib/wii\libfat.a(cache.o)
                0x8000b558                _FAT_cache_writeLittleEndianValue
 .text._FAT_cache_eraseWritePartialSector
                0x8000b5c0       0xb0 C:/devkitPro/libogc/lib/wii\libfat.a(cache.o)
                0x8000b5c0                _FAT_cache_eraseWritePartialSector
 .text._FAT_cache_writeSectors
                0x8000b670       0xb0 C:/devkitPro/libogc/lib/wii\libfat.a(cache.o)
                0x8000b670                _FAT_cache_writeSectors
 .text._FAT_cache_flush
                0x8000b720       0x90 C:/devkitPro/libogc/lib/wii\libfat.a(cache.o)
                0x8000b720                _FAT_cache_flush
 .text._FAT_cache_destructor
                0x8000b7b0       0x64 C:/devkitPro/libogc/lib/wii\libfat.a(cache.o)
                0x8000b7b0                _FAT_cache_destructor
 .text._FAT_unlock.isra.0
                0x8000b814        0x4 C:/devkitPro/libogc/lib/wii\libfat.a(fatdir.o)
 .text._FAT_lock.isra.0
                0x8000b818        0x4 C:/devkitPro/libogc/lib/wii\libfat.a(fatdir.o)
 .text._FAT_unlinkCommon
                0x8000b81c      0x1f4 C:/devkitPro/libogc/lib/wii\libfat.a(fatdir.o)
 .text._FAT_stat_r
                0x8000ba10       0xc4 C:/devkitPro/libogc/lib/wii\libfat.a(fatdir.o)
                0x8000ba10                _FAT_stat_r
 .text._FAT_link_r
                0x8000bad4       0x10 C:/devkitPro/libogc/lib/wii\libfat.a(fatdir.o)
                0x8000bad4                _FAT_link_r
 .text._FAT_unlink_r
                0x8000bae4        0x8 C:/devkitPro/libogc/lib/wii\libfat.a(fatdir.o)
                0x8000bae4                _FAT_unlink_r
 .text._FAT_chdir_r
                0x8000baec       0xa4 C:/devkitPro/libogc/lib/wii\libfat.a(fatdir.o)
                0x8000baec                _FAT_chdir_r
 .text._FAT_rename_r
                0x8000bb90      0x244 C:/devkitPro/libogc/lib/wii\libfat.a(fatdir.o)
                0x8000bb90                _FAT_rename_r
 .text._FAT_mkdir_r
                0x8000bdd4      0x2d4 C:/devkitPro/libogc/lib/wii\libfat.a(fatdir.o)
                0x8000bdd4                _FAT_mkdir_r
 .text._FAT_rmdir_r
                0x8000c0a8        0x8 C:/devkitPro/libogc/lib/wii\libfat.a(fatdir.o)
                0x8000c0a8                _FAT_rmdir_r
 .text._FAT_statvfs_r
                0x8000c0b0       0xd0 C:/devkitPro/libogc/lib/wii\libfat.a(fatdir.o)
                0x8000c0b0                _FAT_statvfs_r
 .text._FAT_diropen_r
                0x8000c180      0x108 C:/devkitPro/libogc/lib/wii\libfat.a(fatdir.o)
                0x8000c180                _FAT_diropen_r
 .text._FAT_dirreset_r
                0x8000c288       0x74 C:/devkitPro/libogc/lib/wii\libfat.a(fatdir.o)
                0x8000c288                _FAT_dirreset_r
 .text._FAT_dirnext_r
                0x8000c2fc       0xc4 C:/devkitPro/libogc/lib/wii\libfat.a(fatdir.o)
                0x8000c2fc                _FAT_dirnext_r
 .text._FAT_dirclose_r
                0x8000c3c0       0x40 C:/devkitPro/libogc/lib/wii\libfat.a(fatdir.o)
                0x8000c3c0                _FAT_dirclose_r
 .text.u8array_to_u16
                0x8000c400       0x14 C:/devkitPro/libogc/lib/wii\libfat.a(partition.o)
 .text.u8array_to_u32
                0x8000c414       0x30 C:/devkitPro/libogc/lib/wii\libfat.a(partition.o)
 .text.u32_to_u8array
                0x8000c444       0x20 C:/devkitPro/libogc/lib/wii\libfat.a(partition.o)
 .text.isValidMBR
                0x8000c464       0x7c C:/devkitPro/libogc/lib/wii\libfat.a(partition.o)
 .text._FAT_disc_readSectors.constprop.0.isra.0
                0x8000c4e0       0x10 C:/devkitPro/libogc/lib/wii\libfat.a(partition.o)
 .text._FAT_updateFS_INFO
                0x8000c4f0       0x70 C:/devkitPro/libogc/lib/wii\libfat.a(partition.o)
 .text.FindFirstValidPartition_buf
                0x8000c560      0x150 C:/devkitPro/libogc/lib/wii\libfat.a(partition.o)
                0x8000c560                FindFirstValidPartition_buf
 .text._FAT_partition_getPartitionFromPath
                0x8000c6b0       0x2c C:/devkitPro/libogc/lib/wii\libfat.a(partition.o)
                0x8000c6b0                _FAT_partition_getPartitionFromPath
 .text._FAT_partition_createFSinfo
                0x8000c6dc       0x9c C:/devkitPro/libogc/lib/wii\libfat.a(partition.o)
                0x8000c6dc                _FAT_partition_createFSinfo
 .text._FAT_partition_readFSinfo
                0x8000c778      0x114 C:/devkitPro/libogc/lib/wii\libfat.a(partition.o)
                0x8000c778                _FAT_partition_readFSinfo
 .text._FAT_partition_constructor_buf
                0x8000c88c      0x328 C:/devkitPro/libogc/lib/wii\libfat.a(partition.o)
                0x8000c88c                _FAT_partition_constructor_buf
 .text._FAT_partition_constructor
                0x8000cbb4       0x68 C:/devkitPro/libogc/lib/wii\libfat.a(partition.o)
                0x8000cbb4                _FAT_partition_constructor
 .text._FAT_partition_writeFSinfo
                0x8000cc1c       0xf8 C:/devkitPro/libogc/lib/wii\libfat.a(partition.o)
                0x8000cc1c                _FAT_partition_writeFSinfo
 .text._FAT_partition_destructor
                0x8000cd14       0x74 C:/devkitPro/libogc/lib/wii\libfat.a(partition.o)
                0x8000cd14                _FAT_partition_destructor
 .text.__wpad_assign_slot
                0x8000cd88      0x254 C:/devkitPro/libogc/lib/wii\libwiiuse.a(wpad.o)
                0x8000cd88                __wpad_assign_slot
 .text.__wpad_def_powcb
                0x8000cfdc        0x4 C:/devkitPro/libogc/lib/wii\libwiiuse.a(wpad.o)
 .text.__readlinkkey_finished
                0x8000cfe0       0x34 C:/devkitPro/libogc/lib/wii\libwiiuse.a(wpad.o)
 .text.__wpad_patch_finished
                0x8000d014       0x2c C:/devkitPro/libogc/lib/wii\libwiiuse.a(wpad.o)
 .text.__wpad_setfmt
                0x8000d040      0x158 C:/devkitPro/libogc/lib/wii\libwiiuse.a(wpad.o)
 .text.__wpad_eventCB
                0x8000d198      0xaf4 C:/devkitPro/libogc/lib/wii\libwiiuse.a(wpad.o)
 .text.__wpad_disconnectCB
                0x8000dc8c       0xd4 C:/devkitPro/libogc/lib/wii\libwiiuse.a(wpad.o)
                0x8000dc8c                __wpad_disconnectCB
 .text.__wpad_timeouthandler
                0x8000dd60       0xa8 C:/devkitPro/libogc/lib/wii\libwiiuse.a(wpad.o)
 .text.__initcore_finished
                0x8000de08       0x48 C:/devkitPro/libogc/lib/wii\libwiiuse.a(wpad.o)
 .text.__wpad_init_finished
                0x8000de50      0x194 C:/devkitPro/libogc/lib/wii\libwiiuse.a(wpad.o)
 .text.WPAD_ReadEvent
                0x8000dfe4      0x68c C:/devkitPro/libogc/lib/wii\libwiiuse.a(wpad.o)
                0x8000dfe4                WPAD_ReadEvent
 .text.WPAD_ReadPending
                0x8000e670      0x1a0 C:/devkitPro/libogc/lib/wii\libwiiuse.a(wpad.o)
                0x8000e670                WPAD_ReadPending
 .text.WPAD_SetDataFormat
                0x8000e810      0x198 C:/devkitPro/libogc/lib/wii\libwiiuse.a(wpad.o)
                0x8000e810                WPAD_SetDataFormat
 .text.WPAD_Shutdown
                0x8000e9a8      0x110 C:/devkitPro/libogc/lib/wii\libwiiuse.a(wpad.o)
                0x8000e9a8                WPAD_Shutdown
 .text.WPAD_Init
                0x8000eab8      0x2c4 C:/devkitPro/libogc/lib/wii\libwiiuse.a(wpad.o)
                0x8000eab8                WPAD_Init
 .text.__wpad_onreset
                0x8000ed7c       0x34 C:/devkitPro/libogc/lib/wii\libwiiuse.a(wpad.o)
 .text.WPAD_ScanPads
                0x8000edb0       0x90 C:/devkitPro/libogc/lib/wii\libwiiuse.a(wpad.o)
                0x8000edb0                WPAD_ScanPads
 .text.WPAD_ButtonsHeld
                0x8000ee40       0x28 C:/devkitPro/libogc/lib/wii\libwiiuse.a(wpad.o)
                0x8000ee40                WPAD_ButtonsHeld
 .text.motion_plus_disconnected
                0x8000ee68       0x10 C:/devkitPro/libogc/lib/wii\libwiiuse.a(motion_plus.o)
                0x8000ee68                motion_plus_disconnected
 .text.motion_plus_event
                0x8000ee78       0x64 C:/devkitPro/libogc/lib/wii\libwiiuse.a(motion_plus.o)
                0x8000ee78                motion_plus_event
 .text.calculate_gforce
                0x8000eedc      0x114 C:/devkitPro/libogc/lib/wii\libwiiuse.a(dynamics.o)
                0x8000eedc                calculate_gforce
 .text.calc_joystick_state
                0x8000eff0      0x210 C:/devkitPro/libogc/lib/wii\libwiiuse.a(dynamics.o)
                0x8000eff0                calc_joystick_state
 .text.apply_smoothing
                0x8000f200      0x120 C:/devkitPro/libogc/lib/wii\libwiiuse.a(dynamics.o)
                0x8000f200                apply_smoothing
 .text.calculate_orientation
                0x8000f320      0x340 C:/devkitPro/libogc/lib/wii\libwiiuse.a(dynamics.o)
                0x8000f320                calculate_orientation
 .text.calc_balanceboard_state
                0x8000f660      0x3a4 C:/devkitPro/libogc/lib/wii\libwiiuse.a(dynamics.o)
                0x8000f660                calc_balanceboard_state
 .text.wiiuse_handshake
                0x8000fa04      0x27c C:/devkitPro/libogc/lib/wii\libwiiuse.a(io.o)
                0x8000fa04                wiiuse_handshake
 .text.wiiuse_handshake_expansion
                0x8000fc80      0x1e8 C:/devkitPro/libogc/lib/wii\libwiiuse.a(io.o)
                0x8000fc80                wiiuse_handshake_expansion
 .text.wiiuse_handshake_expansion_start
                0x8000fe68       0x5c C:/devkitPro/libogc/lib/wii\libwiiuse.a(io.o)
                0x8000fe68                wiiuse_handshake_expansion_start
 .text.wiiuse_disable_expansion
                0x8000fec4      0x1b0 C:/devkitPro/libogc/lib/wii\libwiiuse.a(io.o)
                0x8000fec4                wiiuse_disable_expansion
 .text.__wiiuse_connected
                0x80010074       0x9c C:/devkitPro/libogc/lib/wii\libwiiuse.a(io_wii.o)
 .text.__wiiuse_disconnected
                0x80010110       0xb4 C:/devkitPro/libogc/lib/wii\libwiiuse.a(io_wii.o)
 .text.__wiiuse_receive
                0x800101c4       0xd0 C:/devkitPro/libogc/lib/wii\libwiiuse.a(io_wii.o)
 .text.__wiiuse_sensorbar_enable
                0x80010294       0x54 C:/devkitPro/libogc/lib/wii\libwiiuse.a(io_wii.o)
                0x80010294                __wiiuse_sensorbar_enable
 .text.wiiuse_register
                0x800102e8       0xf0 C:/devkitPro/libogc/lib/wii\libwiiuse.a(io_wii.o)
                0x800102e8                wiiuse_register
 .text.wiiuse_disconnect
                0x800103d8       0x24 C:/devkitPro/libogc/lib/wii\libwiiuse.a(io_wii.o)
                0x800103d8                wiiuse_disconnect
 .text.wiiuse_init_cmd_queue
                0x800103fc       0x9c C:/devkitPro/libogc/lib/wii\libwiiuse.a(io_wii.o)
                0x800103fc                wiiuse_init_cmd_queue
 .text.wiiuse_io_write
                0x80010498       0x1c C:/devkitPro/libogc/lib/wii\libwiiuse.a(io_wii.o)
                0x80010498                wiiuse_io_write
 .text.rotate_dots
                0x800104b4      0x13c C:/devkitPro/libogc/lib/wii\libwiiuse.a(ir.o)
 .text.get_ir_sens.constprop.0.isra.0
                0x800105f0       0xdc C:/devkitPro/libogc/lib/wii\libwiiuse.a(ir.o)
 .text.wiiuse_set_ir_mode
                0x800106cc       0x5c C:/devkitPro/libogc/lib/wii\libwiiuse.a(ir.o)
                0x800106cc                wiiuse_set_ir_mode
 .text.wiiuse_set_ir
                0x80010728      0x208 C:/devkitPro/libogc/lib/wii\libwiiuse.a(ir.o)
                0x80010728                wiiuse_set_ir
 .text.wiiuse_set_ir_position
                0x80010930       0x80 C:/devkitPro/libogc/lib/wii\libwiiuse.a(ir.o)
                0x80010930                wiiuse_set_ir_position
 .text.wiiuse_set_aspect_ratio
                0x800109b0       0xac C:/devkitPro/libogc/lib/wii\libwiiuse.a(ir.o)
                0x800109b0                wiiuse_set_aspect_ratio
 .text.wiiuse_set_ir_sensitivity
                0x80010a5c       0xd0 C:/devkitPro/libogc/lib/wii\libwiiuse.a(ir.o)
                0x80010a5c                wiiuse_set_ir_sensitivity
 .text.calculate_basic_ir
                0x80010b2c       0xe8 C:/devkitPro/libogc/lib/wii\libwiiuse.a(ir.o)
                0x80010b2c                calculate_basic_ir
 .text.calculate_extended_ir
                0x80010c14       0x64 C:/devkitPro/libogc/lib/wii\libwiiuse.a(ir.o)
                0x80010c14                calculate_extended_ir
 .text.find_sensorbar
                0x80010c78      0x9f4 C:/devkitPro/libogc/lib/wii\libwiiuse.a(ir.o)
                0x80010c78                find_sensorbar
 .text.apply_ir_smoothing
                0x8001166c      0x124 C:/devkitPro/libogc/lib/wii\libwiiuse.a(ir.o)
                0x8001166c                apply_ir_smoothing
 .text.interpret_ir_data
                0x80011790      0x3c8 C:/devkitPro/libogc/lib/wii\libwiiuse.a(ir.o)
                0x80011790                interpret_ir_data
 .text.nunchuk_handshake
                0x80011b58      0x34c C:/devkitPro/libogc/lib/wii\libwiiuse.a(nunchuk.o)
                0x80011b58                nunchuk_handshake
 .text.nunchuk_disconnected
                0x80011ea4        0xc C:/devkitPro/libogc/lib/wii\libwiiuse.a(nunchuk.o)
                0x80011ea4                nunchuk_disconnected
 .text.nunchuk_event
                0x80011eb0       0xe8 C:/devkitPro/libogc/lib/wii\libwiiuse.a(nunchuk.o)
                0x80011eb0                nunchuk_event
 .text.wii_board_handshake
                0x80011f98      0x284 C:/devkitPro/libogc/lib/wii\libwiiuse.a(wiiboard.o)
                0x80011f98                wii_board_handshake
 .text.wii_board_disconnected
                0x8001221c        0xc C:/devkitPro/libogc/lib/wii\libwiiuse.a(wiiboard.o)
                0x8001221c                wii_board_disconnected
 .text.wii_board_event
                0x80012228       0x24 C:/devkitPro/libogc/lib/wii\libwiiuse.a(wiiboard.o)
                0x80012228                wii_board_event
 .text.wiiuse_send_next_command
                0x8001224c       0x58 C:/devkitPro/libogc/lib/wii\libwiiuse.a(wiiuse.o)
                0x8001224c                wiiuse_send_next_command
 .text.wiiuse_init
                0x800122a4      0x210 C:/devkitPro/libogc/lib/wii\libwiiuse.a(wiiuse.o)
                0x800122a4                wiiuse_init
 .text.wiiuse_set_flags
                0x800124b4       0x28 C:/devkitPro/libogc/lib/wii\libwiiuse.a(wiiuse.o)
                0x800124b4                wiiuse_set_flags
 .text.wiiuse_read_data
                0x800124dc      0x154 C:/devkitPro/libogc/lib/wii\libwiiuse.a(wiiuse.o)
                0x800124dc                wiiuse_read_data
 .text.wiiuse_write_data
                0x80012630      0x184 C:/devkitPro/libogc/lib/wii\libwiiuse.a(wiiuse.o)
                0x80012630                wiiuse_write_data
 .text.wiiuse_sendcmd
                0x800127b4      0x144 C:/devkitPro/libogc/lib/wii\libwiiuse.a(wiiuse.o)
                0x800127b4                wiiuse_sendcmd
 .text.wiiuse_set_leds
                0x800128f8       0x50 C:/devkitPro/libogc/lib/wii\libwiiuse.a(wiiuse.o)
                0x800128f8                wiiuse_set_leds
 .text.wiiuse_set_report_type
                0x80012948       0xd4 C:/devkitPro/libogc/lib/wii\libwiiuse.a(wiiuse.o)
                0x80012948                wiiuse_set_report_type
 .text.wiiuse_status
                0x80012a1c       0x4c C:/devkitPro/libogc/lib/wii\libwiiuse.a(wiiuse.o)
                0x80012a1c                wiiuse_status
 .text.wiiuse_motion_sensing
                0x80012a68       0x84 C:/devkitPro/libogc/lib/wii\libwiiuse.a(wiiuse.o)
                0x80012a68                wiiuse_motion_sensing
 .text.wiiuse_set_speaker
                0x80012aec      0x240 C:/devkitPro/libogc/lib/wii\libwiiuse.a(speaker.o)
                0x80012aec                wiiuse_set_speaker
 .text.classic_ctrl_handshake
                0x80012d2c      0x410 C:/devkitPro/libogc/lib/wii\libwiiuse.a(classic.o)
                0x80012d2c                classic_ctrl_handshake
 .text.classic_ctrl_disconnected
                0x8001313c        0xc C:/devkitPro/libogc/lib/wii\libwiiuse.a(classic.o)
                0x8001313c                classic_ctrl_disconnected
 .text.classic_ctrl_event
                0x80013148      0x158 C:/devkitPro/libogc/lib/wii\libwiiuse.a(classic.o)
                0x80013148                classic_ctrl_event
 .text.handle_expansion
                0x800132a0       0x54 C:/devkitPro/libogc/lib/wii\libwiiuse.a(events.o)
 .text.parse_event
                0x800132f4      0x730 C:/devkitPro/libogc/lib/wii\libwiiuse.a(events.o)
                0x800132f4                parse_event
 .text.guitar_hero_3_handshake
                0x80013a24       0x5c C:/devkitPro/libogc/lib/wii\libwiiuse.a(guitar_hero_3.o)
                0x80013a24                guitar_hero_3_handshake
 .text.guitar_hero_3_disconnected
                0x80013a80        0xc C:/devkitPro/libogc/lib/wii\libwiiuse.a(guitar_hero_3.o)
                0x80013a80                guitar_hero_3_disconnected
 .text.guitar_hero_3_event
                0x80013a8c       0x60 C:/devkitPro/libogc/lib/wii\libwiiuse.a(guitar_hero_3.o)
                0x80013a8c                guitar_hero_3_event
 .text.acl_wlp_completed
                0x80013aec        0x8 C:/devkitPro/libogc/lib/wii\libbte.a(bte.o)
                0x80013aec                acl_wlp_completed
 .text.bt_alarmhandler
                0x80013af4       0x58 C:/devkitPro/libogc/lib/wii\libbte.a(bte.o)
 .text.__bte_send_pending_request
                0x80013b4c      0x108 C:/devkitPro/libogc/lib/wii\libbte.a(bte.o)
 .text.acl_conn_complete
                0x80013c54       0x2c C:/devkitPro/libogc/lib/wii\libbte.a(bte.o)
                0x80013c54                acl_conn_complete
 .text.l2cap_accepted
                0x80013c80      0x128 C:/devkitPro/libogc/lib/wii\libbte.a(bte.o)
                0x80013c80                l2cap_accepted
 .text.bte_process_input
                0x80013da8      0x128 C:/devkitPro/libogc/lib/wii\libbte.a(bte.o)
 .text.l2cap_disconnect_cfm
                0x80013ed0      0x19c C:/devkitPro/libogc/lib/wii\libbte.a(bte.o)
                0x80013ed0                l2cap_disconnect_cfm
 .text.l2cap_disconnected_ind
                0x8001406c      0x1a4 C:/devkitPro/libogc/lib/wii\libbte.a(bte.o)
                0x8001406c                l2cap_disconnected_ind
 .text.__bte_shutdown_finished
                0x80014210       0xe0 C:/devkitPro/libogc/lib/wii\libbte.a(bte.o)
 .text.bte_hci_apply_patch_complete
                0x800142f0      0x164 C:/devkitPro/libogc/lib/wii\libbte.a(bte.o)
                0x800142f0                bte_hci_apply_patch_complete
 .text.bte_hci_patch_complete
                0x80014454      0x384 C:/devkitPro/libogc/lib/wii\libbte.a(bte.o)
                0x80014454                bte_hci_patch_complete
 .text.bte_hci_initcore_complete
                0x800147d8      0x27c C:/devkitPro/libogc/lib/wii\libbte.a(bte.o)
                0x800147d8                bte_hci_initcore_complete
 .text.bte_read_stored_link_key_complete
                0x80014a54      0x284 C:/devkitPro/libogc/lib/wii\libbte.a(bte.o)
                0x80014a54                bte_read_stored_link_key_complete
 .text.bte_hci_initcore_complete2
                0x80014cd8      0x228 C:/devkitPro/libogc/lib/wii\libbte.a(bte.o)
 .text.bte_hci_initsub_complete
                0x80014f00      0x2b4 C:/devkitPro/libogc/lib/wii\libbte.a(bte.o)
                0x80014f00                bte_hci_initsub_complete
 .text.BTE_Init
                0x800151b4      0x138 C:/devkitPro/libogc/lib/wii\libbte.a(bte.o)
                0x800151b4                BTE_Init
 .text.BTE_Shutdown
                0x800152ec      0x100 C:/devkitPro/libogc/lib/wii\libbte.a(bte.o)
                0x800152ec                BTE_Shutdown
 .text.BTE_InitCore
                0x800153ec       0x8c C:/devkitPro/libogc/lib/wii\libbte.a(bte.o)
                0x800153ec                BTE_InitCore
 .text.BTE_ApplyPatch
                0x80015478       0xa4 C:/devkitPro/libogc/lib/wii\libbte.a(bte.o)
                0x80015478                BTE_ApplyPatch
 .text.BTE_InitSub
                0x8001551c       0x90 C:/devkitPro/libogc/lib/wii\libbte.a(bte.o)
                0x8001551c                BTE_InitSub
 .text.BTE_ReadStoredLinkKey
                0x800155ac       0x90 C:/devkitPro/libogc/lib/wii\libbte.a(bte.o)
                0x800155ac                BTE_ReadStoredLinkKey
 .text.BTE_SetDisconnectCallback
                0x8001563c        0x4 C:/devkitPro/libogc/lib/wii\libbte.a(bte.o)
                0x8001563c                BTE_SetDisconnectCallback
 .text.bte_new  0x80015640       0x54 C:/devkitPro/libogc/lib/wii\libbte.a(bte.o)
                0x80015640                bte_new
 .text.bte_registerdeviceasync
                0x80015694      0x158 C:/devkitPro/libogc/lib/wii\libbte.a(bte.o)
                0x80015694                bte_registerdeviceasync
 .text.bte_disconnect
                0x800157ec       0xd8 C:/devkitPro/libogc/lib/wii\libbte.a(bte.o)
                0x800157ec                bte_disconnect
 .text.bte_senddata
                0x800158c4      0x100 C:/devkitPro/libogc/lib/wii\libbte.a(bte.o)
                0x800158c4                bte_senddata
 .text.bte_arg  0x800159c4       0x38 C:/devkitPro/libogc/lib/wii\libbte.a(bte.o)
                0x800159c4                bte_arg
 .text.bte_received
                0x800159fc       0x38 C:/devkitPro/libogc/lib/wii\libbte.a(bte.o)
                0x800159fc                bte_received
 .text.bte_disconnected
                0x80015a34       0x38 C:/devkitPro/libogc/lib/wii\libbte.a(bte.o)
                0x80015a34                bte_disconnected
 .text.hci_get_link
                0x80015a6c       0x84 C:/devkitPro/libogc/lib/wii\libbte.a(hci.o)
 .text.hci_init
                0x80015af0       0x80 C:/devkitPro/libogc/lib/wii\libbte.a(hci.o)
                0x80015af0                hci_init
 .text.hci_close
                0x80015b70       0xd0 C:/devkitPro/libogc/lib/wii\libbte.a(hci.o)
                0x80015b70                hci_close
 .text.hci_reset_all
                0x80015c40       0xb8 C:/devkitPro/libogc/lib/wii\libbte.a(hci.o)
                0x80015c40                hci_reset_all
 .text.hci_arg  0x80015cf8        0xc C:/devkitPro/libogc/lib/wii\libbte.a(hci.o)
                0x80015cf8                hci_arg
 .text.hci_cmd_complete
                0x80015d04        0xc C:/devkitPro/libogc/lib/wii\libbte.a(hci.o)
                0x80015d04                hci_cmd_complete
 .text.hci_connection_complete
                0x80015d10        0xc C:/devkitPro/libogc/lib/wii\libbte.a(hci.o)
                0x80015d10                hci_connection_complete
 .text.hci_wlp_complete
                0x80015d1c        0xc C:/devkitPro/libogc/lib/wii\libbte.a(hci.o)
                0x80015d1c                hci_wlp_complete
 .text.hci_reset
                0x80015d28       0xac C:/devkitPro/libogc/lib/wii\libbte.a(hci.o)
                0x80015d28                hci_reset
 .text.hci_read_buffer_size
                0x80015dd4       0xac C:/devkitPro/libogc/lib/wii\libbte.a(hci.o)
                0x80015dd4                hci_read_buffer_size
 .text.hci_read_bd_addr
                0x80015e80       0xac C:/devkitPro/libogc/lib/wii\libbte.a(hci.o)
                0x80015e80                hci_read_bd_addr
 .text.hci_read_local_version
                0x80015f2c       0xa8 C:/devkitPro/libogc/lib/wii\libbte.a(hci.o)
                0x80015f2c                hci_read_local_version
 .text.hci_read_local_features
                0x80015fd4       0xac C:/devkitPro/libogc/lib/wii\libbte.a(hci.o)
                0x80015fd4                hci_read_local_features
 .text.hci_read_stored_link_key
                0x80016080      0x100 C:/devkitPro/libogc/lib/wii\libbte.a(hci.o)
                0x80016080                hci_read_stored_link_key
 .text.hci_write_page_timeout
                0x80016180       0xd0 C:/devkitPro/libogc/lib/wii\libbte.a(hci.o)
                0x80016180                hci_write_page_timeout
 .text.hci_write_scan_enable
                0x80016250       0xbc C:/devkitPro/libogc/lib/wii\libbte.a(hci.o)
                0x80016250                hci_write_scan_enable
 .text.hci_accecpt_conn_request
                0x8001630c       0xe0 C:/devkitPro/libogc/lib/wii\libbte.a(hci.o)
                0x8001630c                hci_accecpt_conn_request
 .text.hci_write_local_name
                0x800163ec       0xd8 C:/devkitPro/libogc/lib/wii\libbte.a(hci.o)
                0x800163ec                hci_write_local_name
 .text.hci_write_pin_type
                0x800164c4       0xbc C:/devkitPro/libogc/lib/wii\libbte.a(hci.o)
                0x800164c4                hci_write_pin_type
 .text.hci_write_inquiry_mode
                0x80016580       0xbc C:/devkitPro/libogc/lib/wii\libbte.a(hci.o)
                0x80016580                hci_write_inquiry_mode
 .text.hci_write_page_scan_type
                0x8001663c       0xbc C:/devkitPro/libogc/lib/wii\libbte.a(hci.o)
                0x8001663c                hci_write_page_scan_type
 .text.hci_write_inquiry_scan_type
                0x800166f8       0xbc C:/devkitPro/libogc/lib/wii\libbte.a(hci.o)
                0x800166f8                hci_write_inquiry_scan_type
 .text.hci_vendor_specific_command
                0x800167b4       0xe8 C:/devkitPro/libogc/lib/wii\libbte.a(hci.o)
                0x800167b4                hci_vendor_specific_command
 .text.hci_write_link_policy_settings
                0x8001689c      0x104 C:/devkitPro/libogc/lib/wii\libbte.a(hci.o)
                0x8001689c                hci_write_link_policy_settings
 .text.hci_pin_code_request_neg_reply
                0x800169a0       0xcc C:/devkitPro/libogc/lib/wii\libbte.a(hci.o)
                0x800169a0                hci_pin_code_request_neg_reply
 .text.hci_link_key_req_neg_reply
                0x80016a6c       0xcc C:/devkitPro/libogc/lib/wii\libbte.a(hci.o)
                0x80016a6c                hci_link_key_req_neg_reply
 .text.hci_disconnect
                0x80016b38       0xfc C:/devkitPro/libogc/lib/wii\libbte.a(hci.o)
                0x80016b38                hci_disconnect
 .text.hci_write_cod
                0x80016c34       0xcc C:/devkitPro/libogc/lib/wii\libbte.a(hci.o)
                0x80016c34                hci_write_cod
 .text.hci_host_buffer_size
                0x80016d00      0x10c C:/devkitPro/libogc/lib/wii\libbte.a(hci.o)
                0x80016d00                hci_host_buffer_size
 .text.hci_host_num_comp_packets
                0x80016e0c      0x108 C:/devkitPro/libogc/lib/wii\libbte.a(hci.o)
                0x80016e0c                hci_host_num_comp_packets
 .text.lp_pdu_maxsize
                0x80016f14        0xc C:/devkitPro/libogc/lib/wii\libbte.a(hci.o)
                0x80016f14                lp_pdu_maxsize
 .text.lp_acl_write
                0x80016f20      0x158 C:/devkitPro/libogc/lib/wii\libbte.a(hci.o)
                0x80016f20                lp_acl_write
 .text.lp_write_flush_timeout
                0x80017078      0x104 C:/devkitPro/libogc/lib/wii\libbte.a(hci.o)
                0x80017078                lp_write_flush_timeout
 .text.hci_event_handler
                0x8001717c      0xc74 C:/devkitPro/libogc/lib/wii\libbte.a(hci.o)
                0x8001717c                hci_event_handler
 .text.hci_acldata_handler
                0x80017df0      0x11c C:/devkitPro/libogc/lib/wii\libbte.a(hci.o)
                0x80017df0                hci_acldata_handler
 .text.l2cap_init
                0x80017f0c       0x60 C:/devkitPro/libogc/lib/wii\libbte.a(l2cap.o)
                0x80017f0c                l2cap_init
 .text.l2cap_write
                0x80017f6c      0x1a0 C:/devkitPro/libogc/lib/wii\libbte.a(l2cap.o)
                0x80017f6c                l2cap_write
 .text.l2cap_new
                0x8001810c       0x60 C:/devkitPro/libogc/lib/wii\libbte.a(l2cap.o)
                0x8001810c                l2cap_new
 .text.l2cap_close
                0x8001816c      0x1d4 C:/devkitPro/libogc/lib/wii\libbte.a(l2cap.o)
                0x8001816c                l2cap_close
 .text.l2cap_reset_all
                0x80018340      0x154 C:/devkitPro/libogc/lib/wii\libbte.a(l2cap.o)
                0x80018340                l2cap_reset_all
 .text.l2cap_signal
                0x80018494      0x204 C:/devkitPro/libogc/lib/wii\libbte.a(l2cap.o)
                0x80018494                l2cap_signal
 .text.l2ca_config_req
                0x80018698      0x158 C:/devkitPro/libogc/lib/wii\libbte.a(l2cap.o)
                0x80018698                l2ca_config_req
 .text.l2ca_disconnect_req
                0x800187f0       0xcc C:/devkitPro/libogc/lib/wii\libbte.a(l2cap.o)
                0x800187f0                l2ca_disconnect_req
 .text.l2cap_tmr
                0x800188bc      0x260 C:/devkitPro/libogc/lib/wii\libbte.a(l2cap.o)
                0x800188bc                l2cap_tmr
 .text.l2cap_process_sig
                0x80018b1c     0x12e8 C:/devkitPro/libogc/lib/wii\libbte.a(l2cap.o)
                0x80018b1c                l2cap_process_sig
 .text.l2cap_input
                0x80019e04      0x574 C:/devkitPro/libogc/lib/wii\libbte.a(l2cap.o)
                0x80019e04                l2cap_input
 .text.l2ca_datawrite
                0x8001a378      0x124 C:/devkitPro/libogc/lib/wii\libbte.a(l2cap.o)
                0x8001a378                l2ca_datawrite
 .text.lp_connect_cfm
                0x8001a49c      0x184 C:/devkitPro/libogc/lib/wii\libbte.a(l2cap.o)
                0x8001a49c                lp_connect_cfm
 .text.lp_connect_ind
                0x8001a620        0x4 C:/devkitPro/libogc/lib/wii\libbte.a(l2cap.o)
                0x8001a620                lp_connect_ind
 .text.lp_disconnect_ind
                0x8001a624      0x124 C:/devkitPro/libogc/lib/wii\libbte.a(l2cap.o)
                0x8001a624                lp_disconnect_ind
 .text.l2cap_disconnect_bb
                0x8001a748       0x10 C:/devkitPro/libogc/lib/wii\libbte.a(l2cap.o)
                0x8001a748                l2cap_disconnect_bb
 .text.l2cap_arg
                0x8001a758        0x8 C:/devkitPro/libogc/lib/wii\libbte.a(l2cap.o)
                0x8001a758                l2cap_arg
 .text.l2cap_connect_ind
                0x8001a760      0x104 C:/devkitPro/libogc/lib/wii\libbte.a(l2cap.o)
                0x8001a760                l2cap_connect_ind
 .text.l2cap_disconnect_ind
                0x8001a864        0x8 C:/devkitPro/libogc/lib/wii\libbte.a(l2cap.o)
                0x8001a864                l2cap_disconnect_ind
 .text.l2cap_recv
                0x8001a86c        0x8 C:/devkitPro/libogc/lib/wii\libbte.a(l2cap.o)
                0x8001a86c                l2cap_recv
 .text.btmemb_init
                0x8001a874       0x24 C:/devkitPro/libogc/lib/wii\libbte.a(btmemb.o)
                0x8001a874                btmemb_init
 .text.btmemb_alloc
                0x8001a898       0x98 C:/devkitPro/libogc/lib/wii\libbte.a(btmemb.o)
                0x8001a898                btmemb_alloc
 .text.btmemb_free
                0x8001a930      0x114 C:/devkitPro/libogc/lib/wii\libbte.a(btmemb.o)
                0x8001a930                btmemb_free
 .text.plug_holes
                0x8001aa44       0xac C:/devkitPro/libogc/lib/wii\libbte.a(btmemr.o)
 .text.btmemr_init
                0x8001aaf0       0xa4 C:/devkitPro/libogc/lib/wii\libbte.a(btmemr.o)
                0x8001aaf0                btmemr_init
 .text.btmemr_malloc
                0x8001ab94      0x17c C:/devkitPro/libogc/lib/wii\libbte.a(btmemr.o)
                0x8001ab94                btmemr_malloc
 .text.btmemr_free
                0x8001ad10       0x98 C:/devkitPro/libogc/lib/wii\libbte.a(btmemr.o)
                0x8001ad10                btmemr_free
 .text.btmemr_realloc
                0x8001ada8      0x108 C:/devkitPro/libogc/lib/wii\libbte.a(btmemr.o)
                0x8001ada8                btmemr_realloc
 .text.btpbuf_init
                0x8001aeb0       0x28 C:/devkitPro/libogc/lib/wii\libbte.a(btpbuf.o)
                0x8001aeb0                btpbuf_init
 .text.btpbuf_free
                0x8001aed8      0x11c C:/devkitPro/libogc/lib/wii\libbte.a(btpbuf.o)
                0x8001aed8                btpbuf_free
 .text.btpbuf_alloc
                0x8001aff4      0x258 C:/devkitPro/libogc/lib/wii\libbte.a(btpbuf.o)
                0x8001aff4                btpbuf_alloc
 .text.btpbuf_realloc
                0x8001b24c      0x110 C:/devkitPro/libogc/lib/wii\libbte.a(btpbuf.o)
                0x8001b24c                btpbuf_realloc
 .text.btpbuf_header
                0x8001b35c       0x88 C:/devkitPro/libogc/lib/wii\libbte.a(btpbuf.o)
                0x8001b35c                btpbuf_header
 .text.btpbuf_ref
                0x8001b3e4       0x48 C:/devkitPro/libogc/lib/wii\libbte.a(btpbuf.o)
                0x8001b3e4                btpbuf_ref
 .text.btpbuf_chain
                0x8001b42c       0x9c C:/devkitPro/libogc/lib/wii\libbte.a(btpbuf.o)
                0x8001b42c                btpbuf_chain
 .text.btpbuf_dechain
                0x8001b4c8       0x7c C:/devkitPro/libogc/lib/wii\libbte.a(btpbuf.o)
                0x8001b4c8                btpbuf_dechain
 .text.btpbuf_take
                0x8001b544      0x13c C:/devkitPro/libogc/lib/wii\libbte.a(btpbuf.o)
                0x8001b544                btpbuf_take
 .text.__usb_closeCB
                0x8001b680       0x10 C:/devkitPro/libogc/lib/wii\libbte.a(physbusif.o)
 .text.__writebulkmsgCB
                0x8001b690       0x3c C:/devkitPro/libogc/lib/wii\libbte.a(physbusif.o)
 .text.__writectrlmsgCB
                0x8001b6cc       0x3c C:/devkitPro/libogc/lib/wii\libbte.a(physbusif.o)
 .text.__issue_intrread.part.0
                0x8001b708       0x80 C:/devkitPro/libogc/lib/wii\libbte.a(physbusif.o)
 .text.__readintrdataCB
                0x8001b788      0x148 C:/devkitPro/libogc/lib/wii\libbte.a(physbusif.o)
 .text.__issue_bulkread.part.0
                0x8001b8d0       0x80 C:/devkitPro/libogc/lib/wii\libbte.a(physbusif.o)
 .text.__readbulkdataCB
                0x8001b950      0x148 C:/devkitPro/libogc/lib/wii\libbte.a(physbusif.o)
 .text.physbusif_init
                0x8001ba98      0x1ec C:/devkitPro/libogc/lib/wii\libbte.a(physbusif.o)
                0x8001ba98                physbusif_init
 .text.physbusif_close
                0x8001bc84       0x20 C:/devkitPro/libogc/lib/wii\libbte.a(physbusif.o)
                0x8001bc84                physbusif_close
 .text.physbusif_shutdown
                0x8001bca4       0x24 C:/devkitPro/libogc/lib/wii\libbte.a(physbusif.o)
                0x8001bca4                physbusif_shutdown
 .text.physbusif_reset_all
                0x8001bcc8        0x4 C:/devkitPro/libogc/lib/wii\libbte.a(physbusif.o)
                0x8001bcc8                physbusif_reset_all
 .text.physbusif_output
                0x8001bccc      0x1c4 C:/devkitPro/libogc/lib/wii\libbte.a(physbusif.o)
                0x8001bccc                physbusif_output
 .text.__console_clear_line
                0x8001be90       0x98 C:/devkitPro/libogc/lib/wii\libogc.a(console.o)
 .text.__console_clear
                0x8001bf28       0xbc C:/devkitPro/libogc/lib/wii\libogc.a(console.o)
 .text.__console_write
                0x8001bfe4      0x82c C:/devkitPro/libogc/lib/wii\libogc.a(console.o)
                0x8001bfe4                __console_write
 .text.__console_init
                0x8001c810      0x120 C:/devkitPro/libogc/lib/wii\libogc.a(console.o)
                0x8001c810                __console_init
 .text.CON_Init
                0x8001c930        0x4 C:/devkitPro/libogc/lib/wii\libogc.a(console.o)
                0x8001c930                CON_Init
 .text.CON_EnableGecko
                0x8001c934      0x100 C:/devkitPro/libogc/lib/wii\libogc.a(console.o)
                0x8001c934                CON_EnableGecko
 .text.__lwp_queue_initialize
                0x8001ca34       0x98 C:/devkitPro/libogc/lib/wii\libogc.a(lwp_queue.o)
                0x8001ca34                __lwp_queue_initialize
 .text.__lwp_queue_get
                0x8001cacc       0x74 C:/devkitPro/libogc/lib/wii\libogc.a(lwp_queue.o)
                0x8001cacc                __lwp_queue_get
 .text.__lwp_queue_append
                0x8001cb40       0x4c C:/devkitPro/libogc/lib/wii\libogc.a(lwp_queue.o)
                0x8001cb40                __lwp_queue_append
 .text.__lwp_isr_in_progress
                0x8001cb8c        0x8 C:/devkitPro/libogc/lib/wii\libogc.a(lwp_threads.o)
                0x8001cb8c                __lwp_isr_in_progress
 .text.__thread_dispatch_fp
                0x8001cb94       0x88 C:/devkitPro/libogc/lib/wii\libogc.a(lwp_threads.o)
                0x8001cb94                __thread_dispatch_fp
 .text.__thread_dispatch
                0x8001cc1c      0x110 C:/devkitPro/libogc/lib/wii\libogc.a(lwp_threads.o)
                0x8001cc1c                __thread_dispatch
 .text.__lwp_thread_resettimeslice
                0x8001cd2c       0xb4 C:/devkitPro/libogc/lib/wii\libogc.a(lwp_threads.o)
                0x8001cd2c                __lwp_thread_resettimeslice
 .text.__lwp_thread_tickle_timeslice
                0x8001cde0       0xc8 C:/devkitPro/libogc/lib/wii\libogc.a(lwp_threads.o)
                0x8001cde0                __lwp_thread_tickle_timeslice
 .text.__lwp_thread_setstate
                0x8001cea8      0x16c C:/devkitPro/libogc/lib/wii\libogc.a(lwp_threads.o)
                0x8001cea8                __lwp_thread_setstate
 .text.__lwp_thread_clearstate
                0x8001d014       0xe4 C:/devkitPro/libogc/lib/wii\libogc.a(lwp_threads.o)
                0x8001d014                __lwp_thread_clearstate
 .text.__lwp_thread_delayended
                0x8001d0f8       0x48 C:/devkitPro/libogc/lib/wii\libogc.a(lwp_threads.o)
                0x8001d0f8                __lwp_thread_delayended
 .text.__lwp_thread_settransient
                0x8001d140       0xb4 C:/devkitPro/libogc/lib/wii\libogc.a(lwp_threads.o)
                0x8001d140                __lwp_thread_settransient
 .text.__lwp_thread_changepriority
                0x8001d1f4      0x1f8 C:/devkitPro/libogc/lib/wii\libogc.a(lwp_threads.o)
                0x8001d1f4                __lwp_thread_changepriority
 .text.__lwp_thread_ready
                0x8001d3ec       0xf0 C:/devkitPro/libogc/lib/wii\libogc.a(lwp_threads.o)
                0x8001d3ec                __lwp_thread_ready
 .text.__lwp_thread_init
                0x8001d4dc      0x16c C:/devkitPro/libogc/lib/wii\libogc.a(lwp_threads.o)
                0x8001d4dc                __lwp_thread_init
 .text.__lwp_thread_close
                0x8001d648      0x138 C:/devkitPro/libogc/lib/wii\libogc.a(lwp_threads.o)
                0x8001d648                __lwp_thread_close
 .text.__lwp_thread_handler
                0x8001d780       0xd8 C:/devkitPro/libogc/lib/wii\libogc.a(lwp_threads.o)
 .text.__lwp_thread_closeall
                0x8001d858       0xb0 C:/devkitPro/libogc/lib/wii\libogc.a(lwp_threads.o)
                0x8001d858                __lwp_thread_closeall
 .text.__lwp_thread_start
                0x8001d908       0xe8 C:/devkitPro/libogc/lib/wii\libogc.a(lwp_threads.o)
                0x8001d908                __lwp_thread_start
 .text.__lwp_thread_startmultitasking
                0x8001d9f0       0xac C:/devkitPro/libogc/lib/wii\libogc.a(lwp_threads.o)
                0x8001d9f0                __lwp_thread_startmultitasking
 .text.__lwp_thread_stopmultitasking
                0x8001da9c       0x58 C:/devkitPro/libogc/lib/wii\libogc.a(lwp_threads.o)
                0x8001da9c                __lwp_thread_stopmultitasking
 .text.__lwp_thread_coreinit
                0x8001daf4       0xc4 C:/devkitPro/libogc/lib/wii\libogc.a(lwp_threads.o)
                0x8001daf4                __lwp_thread_coreinit
 .text.idle_func
                0x8001dbb8        0x4 C:/devkitPro/libogc/lib/wii\libogc.a(lwp.o)
 .text.__lwp_sysinit
                0x8001dbbc      0x114 C:/devkitPro/libogc/lib/wii\libogc.a(lwp.o)
                0x8001dbbc                __lwp_sysinit
 .text.LWP_CreateThread
                0x8001dcd0      0x1a8 C:/devkitPro/libogc/lib/wii\libogc.a(lwp.o)
                0x8001dcd0                LWP_CreateThread
 .text.LWP_InitQueue
                0x8001de78      0x140 C:/devkitPro/libogc/lib/wii\libogc.a(lwp.o)
                0x8001de78                LWP_InitQueue
 .text.LWP_CloseQueue
                0x8001dfb8       0xd4 C:/devkitPro/libogc/lib/wii\libogc.a(lwp.o)
                0x8001dfb8                LWP_CloseQueue
 .text.LWP_ThreadSleep
                0x8001e08c       0xf8 C:/devkitPro/libogc/lib/wii\libogc.a(lwp.o)
                0x8001e08c                LWP_ThreadSleep
 .text.LWP_ThreadBroadcast
                0x8001e184       0x88 C:/devkitPro/libogc/lib/wii\libogc.a(lwp.o)
                0x8001e184                LWP_ThreadBroadcast
 .text.LWP_ThreadSignal
                0x8001e20c       0x74 C:/devkitPro/libogc/lib/wii\libogc.a(lwp.o)
                0x8001e20c                LWP_ThreadSignal
 .text.__lwp_stack_allocate
                0x8001e280       0x60 C:/devkitPro/libogc/lib/wii\libogc.a(lwp_stack.o)
                0x8001e280                __lwp_stack_allocate
 .text.__lwp_stack_free
                0x8001e2e0       0x1c C:/devkitPro/libogc/lib/wii\libogc.a(lwp_stack.o)
                0x8001e2e0                __lwp_stack_free
 .text.__lwp_wd_settimer
                0x8001e2fc       0xe0 C:/devkitPro/libogc/lib/wii\libogc.a(lwp_watchdog.o)
 .text.__lwp_watchdog_init
                0x8001e3dc       0x2c C:/devkitPro/libogc/lib/wii\libogc.a(lwp_watchdog.o)
                0x8001e3dc                __lwp_watchdog_init
 .text.__lwp_wd_insert
                0x8001e408      0x194 C:/devkitPro/libogc/lib/wii\libogc.a(lwp_watchdog.o)
                0x8001e408                __lwp_wd_insert
 .text.__lwp_wd_remove
                0x8001e59c      0x138 C:/devkitPro/libogc/lib/wii\libogc.a(lwp_watchdog.o)
                0x8001e59c                __lwp_wd_remove
 .text.__lwp_wd_tickle
                0x8001e6d4      0x120 C:/devkitPro/libogc/lib/wii\libogc.a(lwp_watchdog.o)
                0x8001e6d4                __lwp_wd_tickle
 .text.__lwp_wkspace_init
                0x8001e7f4       0xc0 C:/devkitPro/libogc/lib/wii\libogc.a(lwp_wkspace.o)
                0x8001e7f4                __lwp_wkspace_init
 .text.__lwp_objmgr_initinfo
                0x8001e8b4      0x1a0 C:/devkitPro/libogc/lib/wii\libogc.a(lwp_objmgr.o)
                0x8001e8b4                __lwp_objmgr_initinfo
 .text.__lwp_objmgr_getisrdisable
                0x8001ea54       0x60 C:/devkitPro/libogc/lib/wii\libogc.a(lwp_objmgr.o)
                0x8001ea54                __lwp_objmgr_getisrdisable
 .text.__lwp_objmgr_getnoprotection
                0x8001eab4       0x24 C:/devkitPro/libogc/lib/wii\libogc.a(lwp_objmgr.o)
                0x8001eab4                __lwp_objmgr_getnoprotection
 .text.__lwp_objmgr_get
                0x8001ead8       0x6c C:/devkitPro/libogc/lib/wii\libogc.a(lwp_objmgr.o)
                0x8001ead8                __lwp_objmgr_get
 .text.__lwp_objmgr_allocate
                0x8001eb44       0x88 C:/devkitPro/libogc/lib/wii\libogc.a(lwp_objmgr.o)
                0x8001eb44                __lwp_objmgr_allocate
 .text.__lwp_objmgr_free
                0x8001ebcc       0x60 C:/devkitPro/libogc/lib/wii\libogc.a(lwp_objmgr.o)
                0x8001ebcc                __lwp_objmgr_free
 .text.__lwp_heap_init
                0x8001ec2c       0xa4 C:/devkitPro/libogc/lib/wii\libogc.a(lwp_heap.o)
                0x8001ec2c                __lwp_heap_init
 .text.__lwp_heap_allocate
                0x8001ecd0      0x160 C:/devkitPro/libogc/lib/wii\libogc.a(lwp_heap.o)
                0x8001ecd0                __lwp_heap_allocate
 .text.__lwp_heap_free
                0x8001ee30      0x188 C:/devkitPro/libogc/lib/wii\libogc.a(lwp_heap.o)
                0x8001ee30                __lwp_heap_free
 .text.__SetInterrupts
                0x8001efb8      0x274 C:/devkitPro/libogc/lib/wii\libogc.a(irq.o)
 .text.c_irqdispatcher
                0x8001f22c      0x27c C:/devkitPro/libogc/lib/wii\libogc.a(irq.o)
                0x8001f22c                c_irqdispatcher
 .text.__UnmaskIrq
                0x8001f4a8       0x84 C:/devkitPro/libogc/lib/wii\libogc.a(irq.o)
                0x8001f4a8                __UnmaskIrq
 .text.__MaskIrq
                0x8001f52c       0x84 C:/devkitPro/libogc/lib/wii\libogc.a(irq.o)
                0x8001f52c                __MaskIrq
 .text.__irq_init
                0x8001f5b0       0x9c C:/devkitPro/libogc/lib/wii\libogc.a(irq.o)
                0x8001f5b0                __irq_init
 .text.IRQ_Request
                0x8001f64c       0x50 C:/devkitPro/libogc/lib/wii\libogc.a(irq.o)
                0x8001f64c                IRQ_Request
 .text.IRQ_GetHandler
                0x8001f69c       0x44 C:/devkitPro/libogc/lib/wii\libogc.a(irq.o)
                0x8001f69c                IRQ_GetHandler
 .text.IRQ_Disable
                0x8001f6e0       0x1c C:/devkitPro/libogc/lib/wii\libogc.a(irq.o)
                0x8001f6e0                IRQ_Disable
 .text.IRQ_Restore
                0x8001f6fc       0x1c C:/devkitPro/libogc/lib/wii\libogc.a(irq.o)
                0x8001f6fc                IRQ_Restore
 .text.__VISendI2CData.constprop.0.isra.0
                0x8001f718      0x450 C:/devkitPro/libogc/lib/wii\libogc.a(video.o)
 .text.__setFbbRegs.constprop.0
                0x8001fb68      0x194 C:/devkitPro/libogc/lib/wii\libogc.a(video.o)
 .text.__VISetYUVSEL
                0x8001fcfc       0xb8 C:/devkitPro/libogc/lib/wii\libogc.a(video.o)
 .text.VIDEO_Configure
                0x8001fdb4      0x5ec C:/devkitPro/libogc/lib/wii\libogc.a(video.o)
                0x8001fdb4                VIDEO_Configure
 .text.VIDEO_WaitVSync
                0x800203a0       0x74 C:/devkitPro/libogc/lib/wii\libogc.a(video.o)
                0x800203a0                VIDEO_WaitVSync
 .text.VIDEO_SetFramebuffer
                0x80020414      0x108 C:/devkitPro/libogc/lib/wii\libogc.a(video.o)
                0x80020414                VIDEO_SetFramebuffer
 .text.VIDEO_SetNextFramebuffer
                0x8002051c       0x70 C:/devkitPro/libogc/lib/wii\libogc.a(video.o)
                0x8002051c                VIDEO_SetNextFramebuffer
 .text.VIDEO_Flush
                0x8002058c       0xf4 C:/devkitPro/libogc/lib/wii\libogc.a(video.o)
                0x8002058c                VIDEO_Flush
 .text.VIDEO_SetBlack
                0x80020680      0x15c C:/devkitPro/libogc/lib/wii\libogc.a(video.o)
                0x80020680                VIDEO_SetBlack
 .text.VIDEO_GetCurrentTvMode
                0x800207dc       0x78 C:/devkitPro/libogc/lib/wii\libogc.a(video.o)
                0x800207dc                VIDEO_GetCurrentTvMode
 .text.__VIRetraceHandler
                0x80020854      0x298 C:/devkitPro/libogc/lib/wii\libogc.a(video.o)
 .text.__VISetupEncoder
                0x80020aec      0x2cc C:/devkitPro/libogc/lib/wii\libogc.a(video.o)
 .text.VIDEO_Init
                0x80020db8      0x4e4 C:/devkitPro/libogc/lib/wii\libogc.a(video.o)
                0x80020db8                VIDEO_Init
 .text.VIDEO_GetPreferredMode
                0x8002129c      0x108 C:/devkitPro/libogc/lib/wii\libogc.a(video.o)
                0x8002129c                VIDEO_GetPreferredMode
 .text.VIDEO_GetCurrentLine
                0x800213a4       0x9c C:/devkitPro/libogc/lib/wii\libogc.a(video.o)
                0x800213a4                VIDEO_GetCurrentLine
 .text.VIDEO_GetFrameBufferSize
                0x80021440       0x34 C:/devkitPro/libogc/lib/wii\libogc.a(video.o)
                0x80021440                VIDEO_GetFrameBufferSize
 .text.__lwp_mutex_locksupp.constprop.0
                0x80021474      0x2a8 C:/devkitPro/libogc/lib/wii\libogc.a(mutex.o)
 .text.__lwp_mutex_init
                0x8002171c       0x14 C:/devkitPro/libogc/lib/wii\libogc.a(mutex.o)
                0x8002171c                __lwp_mutex_init
 .text.LWP_MutexInit
                0x80021730      0x100 C:/devkitPro/libogc/lib/wii\libogc.a(mutex.o)
                0x80021730                LWP_MutexInit
 .text.LWP_MutexDestroy
                0x80021830       0xf0 C:/devkitPro/libogc/lib/wii\libogc.a(mutex.o)
                0x80021830                LWP_MutexDestroy
 .text.LWP_MutexLock
                0x80021920        0x8 C:/devkitPro/libogc/lib/wii\libogc.a(mutex.o)
                0x80021920                LWP_MutexLock
 .text.LWP_MutexUnlock
                0x80021928       0x9c C:/devkitPro/libogc/lib/wii\libogc.a(mutex.o)
                0x80021928                LWP_MutexUnlock
 .text.__call_resetfuncs
                0x800219c4       0xbc C:/devkitPro/libogc/lib/wii\libogc.a(system.o)
 .text.__MEMInterruptHandler
                0x80021a80       0x14 C:/devkitPro/libogc/lib/wii\libogc.a(system.o)
 .text.__RSWDefaultHandler
                0x80021a94        0x4 C:/devkitPro/libogc/lib/wii\libogc.a(system.o)
 .text.__POWDefaultHandler
                0x80021a98        0x4 C:/devkitPro/libogc/lib/wii\libogc.a(system.o)
 .text.__STMEventHandler
                0x80021a9c      0x104 C:/devkitPro/libogc/lib/wii\libogc.a(system.o)
 .text.__getrtc
                0x80021ba0      0x13c C:/devkitPro/libogc/lib/wii\libogc.a(system.o)
 .text.__sram_write
                0x80021cdc      0x130 C:/devkitPro/libogc/lib/wii\libogc.a(system.o)
 .text.__sram_writecallback
                0x80021e0c       0x54 C:/devkitPro/libogc/lib/wii\libogc.a(system.o)
 .text.__mem_onreset
                0x80021e60       0x48 C:/devkitPro/libogc/lib/wii\libogc.a(system.o)
 .text.__unlocksram
                0x80021ea8      0x174 C:/devkitPro/libogc/lib/wii\libogc.a(system.o)
 .text.__sys_alarmhandler
                0x8002201c      0x154 C:/devkitPro/libogc/lib/wii\libogc.a(system.o)
 .text.__syscall_malloc_lock
                0x80022170        0x4 C:/devkitPro/libogc/lib/wii\libogc.a(system.o)
                0x80022170                __syscall_malloc_lock
 .text.__syscall_malloc_unlock
                0x80022174        0x4 C:/devkitPro/libogc/lib/wii\libogc.a(system.o)
                0x80022174                __syscall_malloc_unlock
 .text.__syscall_gettod_r
                0x80022178        0x4 C:/devkitPro/libogc/lib/wii\libogc.a(system.o)
                0x80022178                __syscall_gettod_r
 .text.__syscall_nanosleep
                0x8002217c        0x4 C:/devkitPro/libogc/lib/wii\libogc.a(system.o)
                0x8002217c                __syscall_nanosleep
 .text.__SYS_GetRTC
                0x80022180       0xa0 C:/devkitPro/libogc/lib/wii\libogc.a(system.o)
                0x80022180                __SYS_GetRTC
 .text.__SYS_SetBootTime
                0x80022220      0x108 C:/devkitPro/libogc/lib/wii\libogc.a(system.o)
                0x80022220                __SYS_SetBootTime
 .text.__SYS_GetIPCBufferLo
                0x80022328        0x8 C:/devkitPro/libogc/lib/wii\libogc.a(system.o)
                0x80022328                __SYS_GetIPCBufferLo
 .text.__SYS_GetIPCBufferHi
                0x80022330        0x8 C:/devkitPro/libogc/lib/wii\libogc.a(system.o)
                0x80022330                __SYS_GetIPCBufferHi
 .text.__SYS_DoPowerCB
                0x80022338       0x74 C:/devkitPro/libogc/lib/wii\libogc.a(system.o)
                0x80022338                __SYS_DoPowerCB
 .text.__SYS_PreInit
                0x800223ac        0x4 C:/devkitPro/libogc/lib/wii\libogc.a(system.o)
                0x800223ac                __SYS_PreInit
 .text.SYS_PreMain
                0x800223b0       0x7c C:/devkitPro/libogc/lib/wii\libogc.a(system.o)
                0x800223b0                SYS_PreMain
 .text.SYS_ResetButtonDown
                0x8002242c       0x18 C:/devkitPro/libogc/lib/wii\libogc.a(system.o)
                0x8002242c                SYS_ResetButtonDown
 .text.SYS_ResetSystem
                0x80022444      0x210 C:/devkitPro/libogc/lib/wii\libogc.a(system.o)
                0x80022444                SYS_ResetSystem
 .text.__reload
                0x80022654       0x80 C:/devkitPro/libogc/lib/wii\libogc.a(system.o)
                0x80022654                __reload
 .text.__syscall_exit
                0x800226d4       0x88 C:/devkitPro/libogc/lib/wii\libogc.a(system.o)
                0x800226d4                __syscall_exit
 .text.SYS_RegisterResetFunc
                0x8002275c       0x78 C:/devkitPro/libogc/lib/wii\libogc.a(system.o)
                0x8002275c                SYS_RegisterResetFunc
 .text.SYS_SetArena1Lo
                0x800227d4       0x38 C:/devkitPro/libogc/lib/wii\libogc.a(system.o)
                0x800227d4                SYS_SetArena1Lo
 .text.SYS_GetArena1Lo
                0x8002280c       0x38 C:/devkitPro/libogc/lib/wii\libogc.a(system.o)
                0x8002280c                SYS_GetArena1Lo
 .text.SYS_GetArena1Hi
                0x80022844       0x38 C:/devkitPro/libogc/lib/wii\libogc.a(system.o)
                0x80022844                SYS_GetArena1Hi
 .text.SYS_SetArena2Lo
                0x8002287c       0x38 C:/devkitPro/libogc/lib/wii\libogc.a(system.o)
                0x8002287c                SYS_SetArena2Lo
 .text.SYS_GetArena2Lo
                0x800228b4       0x38 C:/devkitPro/libogc/lib/wii\libogc.a(system.o)
                0x800228b4                SYS_GetArena2Lo
 .text.SYS_SetArena2Hi
                0x800228ec       0x38 C:/devkitPro/libogc/lib/wii\libogc.a(system.o)
                0x800228ec                SYS_SetArena2Hi
 .text.SYS_GetArena2Hi
                0x80022924       0x38 C:/devkitPro/libogc/lib/wii\libogc.a(system.o)
                0x80022924                SYS_GetArena2Hi
 .text.SYS_AllocateFramebuffer
                0x8002295c       0x28 C:/devkitPro/libogc/lib/wii\libogc.a(system.o)
                0x8002295c                SYS_AllocateFramebuffer
 .text.SYS_CreateAlarm
                0x80022984       0xf0 C:/devkitPro/libogc/lib/wii\libogc.a(system.o)
                0x80022984                SYS_CreateAlarm
 .text.SYS_SetAlarm
                0x80022a74      0x1ec C:/devkitPro/libogc/lib/wii\libogc.a(system.o)
                0x80022a74                SYS_SetAlarm
 .text.SYS_SetPeriodicAlarm
                0x80022c60      0x27c C:/devkitPro/libogc/lib/wii\libogc.a(system.o)
                0x80022c60                SYS_SetPeriodicAlarm
 .text.SYS_RemoveAlarm
                0x80022edc      0x10c C:/devkitPro/libogc/lib/wii\libogc.a(system.o)
                0x80022edc                SYS_RemoveAlarm
 .text.SYS_CancelAlarm
                0x80022fe8       0xbc C:/devkitPro/libogc/lib/wii\libogc.a(system.o)
                0x80022fe8                SYS_CancelAlarm
 .text.SYS_SetResetCallback
                0x800230a4       0x40 C:/devkitPro/libogc/lib/wii\libogc.a(system.o)
                0x800230a4                SYS_SetResetCallback
 .text.SYS_GetWirelessID
                0x800230e4       0x94 C:/devkitPro/libogc/lib/wii\libogc.a(system.o)
                0x800230e4                SYS_GetWirelessID
 .text.SYS_SetWirelessID
                0x80023178       0x90 C:/devkitPro/libogc/lib/wii\libogc.a(system.o)
                0x80023178                SYS_SetWirelessID
 .text.SYS_SetGBSMode
                0x80023208       0xa8 C:/devkitPro/libogc/lib/wii\libogc.a(system.o)
                0x80023208                SYS_SetGBSMode
 .text.__sram_init
                0x800232b0      0x1b8 C:/devkitPro/libogc/lib/wii\libogc.a(system.o)
                0x800232b0                __sram_init
 .text.SYS_Init
                0x80023468      0x5f0 C:/devkitPro/libogc/lib/wii\libogc.a(system.o)
                0x80023468                SYS_Init
 .text.SYS_GetHollywoodRevision
                0x80023a58       0x3c C:/devkitPro/libogc/lib/wii\libogc.a(system.o)
                0x80023a58                SYS_GetHollywoodRevision
 .text.SYS_Time
                0x80023a94       0x78 C:/devkitPro/libogc/lib/wii\libogc.a(system.o)
                0x80023a94                SYS_Time
 .text.__lwp_cond_init
                0x80023b0c       0x14 C:/devkitPro/libogc/lib/wii\libogc.a(cond.o)
                0x80023b0c                __lwp_cond_init
 .text.__decrementer_init
                0x80023b20        0x4 C:/devkitPro/libogc/lib/wii\libogc.a(decrementer.o)
                0x80023b20                __decrementer_init
 .text.c_decrementer_handler
                0x80023b24        0xc C:/devkitPro/libogc/lib/wii\libogc.a(decrementer.o)
                0x80023b24                c_decrementer_handler
 .text.__lwp_mqbox_init
                0x80023b30       0x14 C:/devkitPro/libogc/lib/wii\libogc.a(message.o)
                0x80023b30                __lwp_mqbox_init
 .text.__si_transfer
                0x80023b44      0x1b0 C:/devkitPro/libogc/lib/wii\libogc.a(si.o)
 .text.__si_alarmhandler
                0x80023cf4       0xdc C:/devkitPro/libogc/lib/wii\libogc.a(si.o)
 .text.__si_completetransfer
                0x80023dd0      0x1fc C:/devkitPro/libogc/lib/wii\libogc.a(si.o)
 .text.__si_transfernext
                0x80023fcc       0xe0 C:/devkitPro/libogc/lib/wii\libogc.a(si.o)
 .text.SI_Busy  0x800240ac       0x18 C:/devkitPro/libogc/lib/wii\libogc.a(si.o)
                0x800240ac                SI_Busy
 .text.SI_IsChanBusy
                0x800240c4       0x38 C:/devkitPro/libogc/lib/wii\libogc.a(si.o)
                0x800240c4                SI_IsChanBusy
 .text.SI_SetXY
                0x800240fc       0x64 C:/devkitPro/libogc/lib/wii\libogc.a(si.o)
                0x800240fc                SI_SetXY
 .text.SI_EnablePolling
                0x80024160       0x80 C:/devkitPro/libogc/lib/wii\libogc.a(si.o)
                0x80024160                SI_EnablePolling
 .text.SI_DisablePolling
                0x800241e0       0x58 C:/devkitPro/libogc/lib/wii\libogc.a(si.o)
                0x800241e0                SI_DisablePolling
 .text.SI_SetSamplingRate
                0x80024238       0xe8 C:/devkitPro/libogc/lib/wii\libogc.a(si.o)
                0x80024238                SI_SetSamplingRate
 .text.SI_RefreshSamplingRate
                0x80024320        0x8 C:/devkitPro/libogc/lib/wii\libogc.a(si.o)
                0x80024320                SI_RefreshSamplingRate
 .text.SI_GetStatus
                0x80024328       0x78 C:/devkitPro/libogc/lib/wii\libogc.a(si.o)
                0x80024328                SI_GetStatus
 .text.SI_GetResponseRaw
                0x800243a0       0xe8 C:/devkitPro/libogc/lib/wii\libogc.a(si.o)
                0x800243a0                SI_GetResponseRaw
 .text.SI_GetResponse
                0x80024488       0xb8 C:/devkitPro/libogc/lib/wii\libogc.a(si.o)
                0x80024488                SI_GetResponse
 .text.SI_SetCommand
                0x80024540       0x10 C:/devkitPro/libogc/lib/wii\libogc.a(si.o)
                0x80024540                SI_SetCommand
 .text.SI_Transfer
                0x80024550      0x250 C:/devkitPro/libogc/lib/wii\libogc.a(si.o)
                0x80024550                SI_Transfer
 .text.__si_gettypecallback
                0x800247a0      0x2c0 C:/devkitPro/libogc/lib/wii\libogc.a(si.o)
 .text.__si_interrupthandler
                0x80024a60      0x268 C:/devkitPro/libogc/lib/wii\libogc.a(si.o)
 .text.SI_GetType
                0x80024cc8      0x1f4 C:/devkitPro/libogc/lib/wii\libogc.a(si.o)
                0x80024cc8                SI_GetType
 .text.SI_GetTypeAsync
                0x80024ebc      0x138 C:/devkitPro/libogc/lib/wii\libogc.a(si.o)
                0x80024ebc                SI_GetTypeAsync
 .text.SI_EnablePollingInterrupt
                0x80024ff4       0x8c C:/devkitPro/libogc/lib/wii\libogc.a(si.o)
                0x80024ff4                SI_EnablePollingInterrupt
 .text.SI_UnregisterPollingHandler
                0x80025080       0xe0 C:/devkitPro/libogc/lib/wii\libogc.a(si.o)
                0x80025080                SI_UnregisterPollingHandler
 .text.__si_init
                0x80025160       0xe8 C:/devkitPro/libogc/lib/wii\libogc.a(si.o)
                0x80025160                __si_init
 .text.__ipc_sendrequest
                0x80025248      0x104 C:/devkitPro/libogc/lib/wii\libogc.a(ipc.o)
 .text.__ipc_syncrequest
                0x8002534c       0xe4 C:/devkitPro/libogc/lib/wii\libogc.a(ipc.o)
 .text.__ioctlvfmtCB
                0x80025430      0x158 C:/devkitPro/libogc/lib/wii\libogc.a(ipc.o)
 .text.__ios_ioctlvformat_parse
                0x80025588      0x81c C:/devkitPro/libogc/lib/wii\libogc.a(ipc.o)
 .text.__ipc_asyncrequest
                0x80025da4      0x13c C:/devkitPro/libogc/lib/wii\libogc.a(ipc.o)
 .text.__ipc_interrupthandler
                0x80025ee0      0x34c C:/devkitPro/libogc/lib/wii\libogc.a(ipc.o)
 .text.iosCreateHeap
                0x8002622c      0x130 C:/devkitPro/libogc/lib/wii\libogc.a(ipc.o)
                0x8002622c                iosCreateHeap
 .text.iosAlloc
                0x8002635c       0x30 C:/devkitPro/libogc/lib/wii\libogc.a(ipc.o)
                0x8002635c                iosAlloc
 .text.iosFree  0x8002638c       0x28 C:/devkitPro/libogc/lib/wii\libogc.a(ipc.o)
                0x8002638c                iosFree
 .text.__IPC_ClntInit
                0x800263b4       0xc8 C:/devkitPro/libogc/lib/wii\libogc.a(ipc.o)
                0x800263b4                __IPC_ClntInit
 .text.IOS_Open
                0x8002647c      0x110 C:/devkitPro/libogc/lib/wii\libogc.a(ipc.o)
                0x8002647c                IOS_Open
 .text.IOS_OpenAsync
                0x8002658c       0xf4 C:/devkitPro/libogc/lib/wii\libogc.a(ipc.o)
                0x8002658c                IOS_OpenAsync
 .text.IOS_Close
                0x80026680       0xf0 C:/devkitPro/libogc/lib/wii\libogc.a(ipc.o)
                0x80026680                IOS_Close
 .text.IOS_CloseAsync
                0x80026770       0xb4 C:/devkitPro/libogc/lib/wii\libogc.a(ipc.o)
                0x80026770                IOS_CloseAsync
 .text.IOS_Read
                0x80026824      0x10c C:/devkitPro/libogc/lib/wii\libogc.a(ipc.o)
                0x80026824                IOS_Read
 .text.IOS_Write
                0x80026930      0x10c C:/devkitPro/libogc/lib/wii\libogc.a(ipc.o)
                0x80026930                IOS_Write
 .text.IOS_Ioctl
                0x80026a3c      0x158 C:/devkitPro/libogc/lib/wii\libogc.a(ipc.o)
                0x80026a3c                IOS_Ioctl
 .text.IOS_IoctlAsync
                0x80026b94      0x148 C:/devkitPro/libogc/lib/wii\libogc.a(ipc.o)
                0x80026b94                IOS_IoctlAsync
 .text.IOS_Ioctlv
                0x80026cdc      0x1f0 C:/devkitPro/libogc/lib/wii\libogc.a(ipc.o)
                0x80026cdc                IOS_Ioctlv
 .text.IOS_IoctlvAsync
                0x80026ecc      0x1d4 C:/devkitPro/libogc/lib/wii\libogc.a(ipc.o)
                0x80026ecc                IOS_IoctlvAsync
 .text.IOS_IoctlvFormat
                0x800270a0      0x16c C:/devkitPro/libogc/lib/wii\libogc.a(ipc.o)
                0x800270a0                IOS_IoctlvFormat
 .text.IOS_IoctlvFormatAsync
                0x8002720c      0x194 C:/devkitPro/libogc/lib/wii\libogc.a(ipc.o)
                0x8002720c                IOS_IoctlvFormatAsync
 .text.IOS_IoctlvReboot
                0x800273a0      0x1f4 C:/devkitPro/libogc/lib/wii\libogc.a(ipc.o)
                0x800273a0                IOS_IoctlvReboot
 .text.gettick  0x80027594        0x8 C:/devkitPro/libogc/lib/wii\libogc.a(timesupp.o)
                0x80027594                gettick
 .text.gettime  0x8002759c       0x18 C:/devkitPro/libogc/lib/wii\libogc.a(timesupp.o)
                0x8002759c                gettime
 .text.settime  0x800275b4       0x14 C:/devkitPro/libogc/lib/wii\libogc.a(timesupp.o)
                0x800275b4                settime
 .text.diff_usec
                0x800275c8       0x88 C:/devkitPro/libogc/lib/wii\libogc.a(timesupp.o)
                0x800275c8                diff_usec
 .text.__timesystem_init
                0x80027650       0x1c C:/devkitPro/libogc/lib/wii\libogc.a(timesupp.o)
                0x80027650                __timesystem_init
 .text.udelay   0x8002766c       0xac C:/devkitPro/libogc/lib/wii\libogc.a(timesupp.o)
                0x8002766c                udelay
 .text.__libogc_nanosleep
                0x80027718      0x144 C:/devkitPro/libogc/lib/wii\libogc.a(timesupp.o)
                0x80027718                __libogc_nanosleep
 .text.__libogc_gettod_r
                0x8002785c       0xd4 C:/devkitPro/libogc/lib/wii\libogc.a(timesupp.o)
                0x8002785c                __libogc_gettod_r
 .text.__syscall_lock_init
                0x80027930       0x6c C:/devkitPro/libogc/lib/wii\libogc.a(lock_supp.o)
                0x80027930                __syscall_lock_init
 .text.__syscall_lock_init_recursive
                0x8002799c       0x6c C:/devkitPro/libogc/lib/wii\libogc.a(lock_supp.o)
                0x8002799c                __syscall_lock_init_recursive
 .text.__syscall_lock_close
                0x80027a08       0x68 C:/devkitPro/libogc/lib/wii\libogc.a(lock_supp.o)
                0x80027a08                __syscall_lock_close
 .text.__syscall_lock_acquire
                0x80027a70       0x18 C:/devkitPro/libogc/lib/wii\libogc.a(lock_supp.o)
                0x80027a70                __syscall_lock_acquire
 .text.__syscall_lock_release
                0x80027a88       0x18 C:/devkitPro/libogc/lib/wii\libogc.a(lock_supp.o)
                0x80027a88                __syscall_lock_release
 .text.__libc_create_hook
                0x80027aa0       0x10 C:/devkitPro/libogc/lib/wii\libogc.a(newlibc.o)
                0x80027aa0                __libc_create_hook
 .text.__libc_start_hook
                0x80027ab0       0xb0 C:/devkitPro/libogc/lib/wii\libogc.a(newlibc.o)
                0x80027ab0                __libc_start_hook
 .text.__libc_delete_hook
                0x80027b60       0xe8 C:/devkitPro/libogc/lib/wii\libogc.a(newlibc.o)
                0x80027b60                __libc_delete_hook
 .text.__libc_init
                0x80027c48       0xb4 C:/devkitPro/libogc/lib/wii\libogc.a(newlibc.o)
                0x80027c48                __libc_init
 .text.__usbgecko_exi_unlock
                0x80027cfc       0x34 C:/devkitPro/libogc/lib/wii\libogc.a(usbgecko.o)
 .text.usb_isgeckoalive
                0x80027d30      0x1bc C:/devkitPro/libogc/lib/wii\libogc.a(usbgecko.o)
                0x80027d30                usb_isgeckoalive
 .text.usb_sendbuffer_ex
                0x80027eec      0x214 C:/devkitPro/libogc/lib/wii\libogc.a(usbgecko.o)
                0x80027eec                usb_sendbuffer_ex
 .text.usb_sendbuffer
                0x80028100        0x8 C:/devkitPro/libogc/lib/wii\libogc.a(usbgecko.o)
                0x80028100                usb_sendbuffer
 .text.usb_sendbuffer_safe_ex
                0x80028108      0x2a8 C:/devkitPro/libogc/lib/wii\libogc.a(usbgecko.o)
                0x80028108                usb_sendbuffer_safe_ex
 .text.usb_sendbuffer_safe
                0x800283b0        0x8 C:/devkitPro/libogc/lib/wii\libogc.a(usbgecko.o)
                0x800283b0                usb_sendbuffer_safe
 .text._sbrk_r  0x800283b8      0x290 C:/devkitPro/libogc/lib/wii\libogc.a(sbrk.o)
                0x800283b8                _sbrk_r
 .text.__memlock_init
                0x80028648       0x7c C:/devkitPro/libogc/lib/wii\libogc.a(malloc_lock.o)
                0x80028648                __memlock_init
 .text.__libogc_malloc_lock
                0x800286c4      0x1fc C:/devkitPro/libogc/lib/wii\libogc.a(malloc_lock.o)
                0x800286c4                __libogc_malloc_lock
 .text.__libogc_malloc_unlock
                0x800288c0       0x64 C:/devkitPro/libogc/lib/wii\libogc.a(malloc_lock.o)
                0x800288c0                __libogc_malloc_unlock
 .text.__STM_SetEventHook
                0x80028924       0xb0 C:/devkitPro/libogc/lib/wii\libogc.a(stm.o)
                0x80028924                __STM_SetEventHook
 .text.__STM_Init
                0x800289d4       0x8c C:/devkitPro/libogc/lib/wii\libogc.a(stm.o)
                0x800289d4                __STM_Init
 .text.__STMEventHandler
                0x80028a60       0x64 C:/devkitPro/libogc/lib/wii\libogc.a(stm.o)
 .text.__STM_ReleaseEventHook
                0x80028ac4       0x80 C:/devkitPro/libogc/lib/wii\libogc.a(stm.o)
                0x80028ac4                __STM_ReleaseEventHook
 .text.__STM_Close
                0x80028b44       0xac C:/devkitPro/libogc/lib/wii\libogc.a(stm.o)
                0x80028b44                __STM_Close
 .text.STM_RegisterEventHandler
                0x80028bf0       0x10 C:/devkitPro/libogc/lib/wii\libogc.a(stm.o)
                0x80028bf0                STM_RegisterEventHandler
 .text.STM_ShutdownToStandby
                0x80028c00       0x50 C:/devkitPro/libogc/lib/wii\libogc.a(stm.o)
                0x80028c00                STM_ShutdownToStandby
 .text.STM_ShutdownToIdle
                0x80028c50       0x70 C:/devkitPro/libogc/lib/wii\libogc.a(stm.o)
                0x80028c50                STM_ShutdownToIdle
 .text.STM_SetLedMode
                0x80028cc0       0x40 C:/devkitPro/libogc/lib/wii\libogc.a(stm.o)
                0x80028cc0                STM_SetLedMode
 .text.STM_RebootSystem
                0x80028d00       0x50 C:/devkitPro/libogc/lib/wii\libogc.a(stm.o)
                0x80028d00                STM_RebootSystem
 .text.__IOS_InitializeSubsystems
                0x80028d50       0x44 C:/devkitPro/libogc/lib/wii\libogc.a(ios.o)
                0x80028d50                __IOS_InitializeSubsystems
 .text.__IOS_ShutdownSubsystems
                0x80028d94       0x44 C:/devkitPro/libogc/lib/wii\libogc.a(ios.o)
                0x80028d94                __IOS_ShutdownSubsystems
 .text.__IOS_LoadStartupIOS
                0x80028dd8        0x8 C:/devkitPro/libogc/lib/wii\libogc.a(ios.o)
                0x80028dd8                __IOS_LoadStartupIOS
 .text._ES_fstat_r
                0x80028de0      0x120 C:/devkitPro/libogc/lib/wii\libogc.a(es.o)
 .text._ES_seek_r
                0x80028f00       0xd8 C:/devkitPro/libogc/lib/wii\libogc.a(es.o)
 .text._ES_close_r
                0x80028fd8       0xac C:/devkitPro/libogc/lib/wii\libogc.a(es.o)
 .text.__ES_Init
                0x80029084       0x78 C:/devkitPro/libogc/lib/wii\libogc.a(es.o)
                0x80029084                __ES_Init
 .text.__ES_Close
                0x800290fc       0x54 C:/devkitPro/libogc/lib/wii\libogc.a(es.o)
                0x800290fc                __ES_Close
 .text.ES_GetTitleID
                0x80029150       0x94 C:/devkitPro/libogc/lib/wii\libogc.a(es.o)
                0x80029150                ES_GetTitleID
 .text.ES_LaunchTitle
                0x800291e4       0xa4 C:/devkitPro/libogc/lib/wii\libogc.a(es.o)
                0x800291e4                ES_LaunchTitle
 .text.ES_GetNumTicketViews
                0x80029288       0x98 C:/devkitPro/libogc/lib/wii\libogc.a(es.o)
                0x80029288                ES_GetNumTicketViews
 .text.ES_GetTicketViews
                0x80029320       0x8c C:/devkitPro/libogc/lib/wii\libogc.a(es.o)
                0x80029320                ES_GetTicketViews
 .text.ES_GetStoredTMD
                0x800293ac       0x90 C:/devkitPro/libogc/lib/wii\libogc.a(es.o)